#
# There is insufficient memory for the Java Runtime Environment to continue.
# Native memory allocation (mmap) failed to map 65536 bytes. Error detail: Failed to commit metaspace.
# Possible reasons:
#   The system is out of physical RAM or swap space
#   This process is running with CompressedOops enabled, and the Java Heap may be blocking the growth of the native heap
# Possible solutions:
#   Reduce memory load on the system
#   Increase physical memory or swap space
#   Check if swap backing store is full
#   Decrease Java heap size (-Xmx/-Xms)
#   Decrease number of Java threads
#   Decrease Java thread stack sizes (-Xss)
#   Set larger code cache with -XX:ReservedCodeCacheSize=
#   JVM is running with Unscaled Compressed Oops mode in which the Java heap is
#     placed in the first 4GB address space. The Java Heap base address is the
#     maximum limit for the native heap growth. Please use -XX:HeapBaseMinAddress
#     to set the Java Heap base and to place the Java Heap above 4GB virtual address.
# This output file may be truncated or incomplete.
#
#  Out of Memory Error (virtualSpaceNode.cpp:113), pid=240, tid=13896
#
# JRE version: Java(TM) SE Runtime Environment (24.0.1+9) (build 24.0.1+9-30)
# Java VM: Java HotSpot(TM) 64-Bit Server VM (24.0.1+9-30, mixed mode, emulated-client, sharing, tiered, compressed oops, compressed class ptrs, g1 gc, windows-amd64)
# No core dump will be written. Minidumps are not enabled by default on client versions of Windows
#

---------------  S U M M A R Y ------------

Command Line: -XX:TieredStopAtLevel=1 -Dspring.output.ansi.enabled=always -Dcom.sun.management.jmxremote -Dspring.jmx.enabled=true -Dspring.liveBeansView.mbeanDomain -Dspring.application.admin.enabled=true -Dmanagement.endpoints.jmx.exposure.include=* -javaagent:C:\Program Files\JetBrains\IntelliJ IDEA 2025.1.3\lib\idea_rt.jar=55634 -Dfile.encoding=UTF-8 -Dsun.stdout.encoding=UTF-8 -Dsun.stderr.encoding=UTF-8 com.example.demo.Application

Host: Intel(R) Core(TM) i5-3230M CPU @ 2.60GHz, 4 cores, 5G,  Windows 10 , 64 bit Build 19041 (10.0.19041.6807)
Time: Fri Mar 20 16:38:15 2026 Jordanie elapsed time: 5.920447 seconds (0d 0h 0m 5s)

---------------  T H R E A D  ---------------

Current thread (0x000001a5c60e7310):  JavaThread "background-preinit"        [_thread_in_vm, id=13896, stack(0x0000003618900000,0x0000003618a00000) (1024K)]

Stack: [0x0000003618900000,0x0000003618a00000]
Native frames: (J=compiled Java code, j=interpreted, Vv=VM code, C=native code)
V  [jvm.dll+0x730739]  (no source info available)
V  [jvm.dll+0x8d9b23]  (no source info available)
V  [jvm.dll+0x8dc00d]  (no source info available)
V  [jvm.dll+0x8dc683]  (no source info available)
V  [jvm.dll+0x2aa086]  (no source info available)
V  [jvm.dll+0x8d56de]  (no source info available)
V  [jvm.dll+0x6ccd85]  (no source info available)
V  [jvm.dll+0x20a71c]  (no source info available)
V  [jvm.dll+0x20a4ee]  (no source info available)
V  [jvm.dll+0x6cf9a7]  (no source info available)
V  [jvm.dll+0x6cf567]  (no source info available)
V  [jvm.dll+0x24c75c]  (no source info available)
V  [jvm.dll+0x6cd7a8]  (no source info available)
V  [jvm.dll+0x291289]  (no source info available)
V  [jvm.dll+0x23b637]  (no source info available)
V  [jvm.dll+0x2315a4]  (no source info available)
V  [jvm.dll+0x6000a3]  (no source info available)
V  [jvm.dll+0x84b34d]  (no source info available)
V  [jvm.dll+0x4b6685]  (no source info available)
V  [jvm.dll+0x4c8913]  (no source info available)
C  [java.dll+0x1625]  (no source info available)
C  0x000001a5d3428725  (no source info available)

The last pc belongs to native nmethod (printed below).
Java frames: (J=compiled Java code, j=interpreted, Vv=VM code)
J 1331  java.lang.ClassLoader.defineClass0(Ljava/lang/ClassLoader;Ljava/lang/Class;Ljava/lang/String;[BIILjava/security/ProtectionDomain;ZILjava/lang/Object;)Ljava/lang/Class; java.base@24.0.1 (0 bytes) @ 0x000001a5d34286ec [0x000001a5d3428600+0x00000000000000ec]
J 1776 c1 java.lang.System$1.defineClass(Ljava/lang/ClassLoader;Ljava/lang/Class;Ljava/lang/String;[BLjava/security/ProtectionDomain;ZILjava/lang/Object;)Ljava/lang/Class; java.base@24.0.1 (21 bytes) @ 0x000001a5d34b589c [0x000001a5d34b5820+0x000000000000007c]
J 1775 c1 java.lang.invoke.MethodHandles$Lookup$ClassDefiner.defineClass(ZLjava/lang/Object;)Ljava/lang/Class; java.base@24.0.1 (213 bytes) @ 0x000001a5d34b6b8c [0x000001a5d34b6980+0x000000000000020c]
j  java.lang.invoke.StringConcatFactory$InlineHiddenClassStrategy.generate(Ljava/lang/invoke/MethodHandles$Lookup;Ljava/lang/invoke/MethodType;[Ljava/lang/String;)Ljava/lang/invoke/MethodHandle;+222 java.base@24.0.1
j  java.lang.invoke.StringConcatFactory.makeConcatWithConstants(Ljava/lang/invoke/MethodHandles$Lookup;Ljava/lang/String;Ljava/lang/invoke/MethodType;Ljava/lang/String;[Ljava/lang/Object;)Ljava/lang/invoke/CallSite;+260 java.base@24.0.1
j  java.lang.invoke.DirectMethodHandle$Holder.invokeStatic(Ljava/lang/Object;Ljava/lang/Object;Ljava/lang/Object;Ljava/lang/Object;Ljava/lang/Object;Ljava/lang/Object;)Ljava/lang/Object;+18 java.base@24.0.1
j  java.lang.invoke.DelegatingMethodHandle$Holder.delegate(Ljava/lang/Object;Ljava/lang/Object;Ljava/lang/Object;Ljava/lang/Object;Ljava/lang/Object;Ljava/lang/Object;)Ljava/lang/Object;+21 java.base@24.0.1
J 1849 c1 java.lang.invoke.BootstrapMethodInvoker.invoke(Ljava/lang/Class;Ljava/lang/invoke/MethodHandle;Ljava/lang/String;Ljava/lang/Object;Ljava/lang/Object;Ljava/lang/Class;)Ljava/lang/Object; java.base@24.0.1 (978 bytes) @ 0x000001a5d34d0474 [0x000001a5d34cede0+0x0000000000001694]
J 1848 c1 java.lang.invoke.CallSite.makeSite(Ljava/lang/invoke/MethodHandle;Ljava/lang/String;Ljava/lang/invoke/MethodType;Ljava/lang/Object;Ljava/lang/Class;)Ljava/lang/invoke/CallSite; java.base@24.0.1 (95 bytes) @ 0x000001a5d34cb314 [0x000001a5d34cb2c0+0x0000000000000054]
J 1847 c1 java.lang.invoke.MethodHandleNatives.linkCallSiteImpl(Ljava/lang/Class;Ljava/lang/invoke/MethodHandle;Ljava/lang/String;Ljava/lang/invoke/MethodType;Ljava/lang/Object;[Ljava/lang/Object;)Ljava/lang/invoke/MemberName; java.base@24.0.1 (119 bytes) @ 0x000001a5d34c9fc4 [0x000001a5d34c9f80+0x0000000000000044]
J 1846 c1 java.lang.invoke.MethodHandleNatives.linkCallSite(Ljava/lang/Object;Ljava/lang/Object;Ljava/lang/Object;Ljava/lang/Object;Ljava/lang/Object;[Ljava/lang/Object;)Ljava/lang/invoke/MemberName; java.base@24.0.1 (65 bytes) @ 0x000001a5d34c9cec [0x000001a5d34c9bc0+0x000000000000012c]
v  ~StubRoutines::call_stub 0x000001a5d3080fcd
j  tools.jackson.core.util.Separators$Spacing.apply(C)Ljava/lang/String;+9
j  tools.jackson.core.util.DefaultPrettyPrinter.<init>(Ltools/jackson/core/util/Separators;)V+58
j  tools.jackson.core.util.DefaultPrettyPrinter.<init>()V+4
j  tools.jackson.databind.cfg.MapperBuilder.<clinit>()V+28
v  ~StubRoutines::call_stub 0x000001a5d3080fcd
j  tools.jackson.databind.json.JsonMapper.builder()Ltools/jackson/databind/json/JsonMapper$Builder;+0
j  org.springframework.boot.jackson.autoconfigure.JacksonBackgroundPreinitializer.preinitialize()V+0
j  org.springframework.boot.autoconfigure.preinitialize.BackgroundPreinitializingApplicationListener$Runner.run()V+30
j  java.lang.Thread.runWith(Ljava/lang/Object;Ljava/lang/Runnable;)V+5 java.base@24.0.1
j  java.lang.Thread.run()V+19 java.base@24.0.1
v  ~StubRoutines::call_stub 0x000001a5d3080fcd
Lock stack of current Java thread (top to bottom):


Compiled method (n/a) 6798 1331     n 0       java.lang.ClassLoader::defineClass0 (native)
 total in heap  [0x000001a5d3428508,0x000001a5d3428938] = 1072
 relocation     [0x000001a5d34285e0,0x000001a5d34285f8] = 24
 main code      [0x000001a5d3428600,0x000001a5d3428936] = 822
 stub code      [0x000001a5d3428936,0x000001a5d3428938] = 2

[Constant Pool (empty)]

[MachCode]
[Entry Point]
  # {method} {0x000001a580473638} 'defineClass0' '(Ljava/lang/ClassLoader;Ljava/lang/Class;Ljava/lang/String;[BIILjava/security/ProtectionDomain;ZILjava/lang/Object;)Ljava/lang/Class;' in 'java/lang/ClassLoader'
  # parm0:    rdx:rdx   = 'java/lang/ClassLoader'
  # parm1:    r8:r8     = 'java/lang/Class'
  # parm2:    r9:r9     = 'java/lang/String'
  # parm3:    rdi:rdi   = '[B'
  # parm4:    rsi       = int
  # parm5:    rcx       = int
  # parm6:    [sp+0xb0]   = 'java/security/ProtectionDomain'  (sp of caller)
  # parm7:    [sp+0xb8]   = boolean
  # parm8:    [sp+0xc0]   = int
  # parm9:    [sp+0xc8]   = 'java/lang/Object'
  0x000001a5d3428600: 6690 448b | 5208 443b 

  0x000001a5d3428608: ;   {runtime_call Shared Runtime ic_miss_blob}
  0x000001a5d3428608: 5008 0f85 | 5061 caff 
[Verified Entry Point]
  0x000001a5d3428610: 8984 2400 | 80ff ff55 | 488b ec48 | 81ec a000 | 0000 6690 | 4181 7f20 | 0100 0000 

  0x000001a5d342862c: ;   {runtime_call StubRoutines (final stubs)}
  0x000001a5d342862c: 7405 e88d | d3c8 ff48 | 837d 2800 | 488d 4528 | 480f 4445 | 2848 8944 | 2458 4863 | 4520 4889 
  0x000001a5d342864c: 4424 5048 | 6345 1848 | 8944 2448 | 4883 7d10 | 0048 8d45 | 1048 0f44 | 4510 4889 | 4424 4048 
  0x000001a5d342866c: 894c 2438 | 4889 7424 | 3048 897c | 2478 4883 | ff00 488d | 4424 7848 | 0f44 4424 | 7848 8944 
  0x000001a5d342868c: 2428 4c89 | 4c24 7049 | 83f9 0048 | 8d44 2470 | 480f 4444 | 2470 4889 | 4424 204c | 8944 2468 
  0x000001a5d34286ac: 4983 f800 | 4c8d 4c24 | 684c 0f44 | 4c24 6848 | 8954 2460 | 4883 fa00 | 4c8d 4424 | 604c 0f44 
  0x000001a5d34286cc: ;   {oop(a 'java/lang/Class'{0x00000000ffe7cd80} = 'java/lang/ClassLoader')}
  0x000001a5d34286cc: 4424 6049 | be80 cde7 | ff00 0000 | 004c 89b4 | 2490 0000 | 004c 8db4 | 2490 0000 | 0049 8bd6 
  0x000001a5d34286ec: ;   {internal_word}
  0x000001a5d34286ec: c5f8 7749 | baec 8642 | d3a5 0100 | 004d 8997 | b003 0000 | 4989 a7a8 | 0300 0049 | 8d8f c803 
  0x000001a5d342870c: 0000 41c7 | 8754 0400 | 0004 0000 

  0x000001a5d3428718: ;   {runtime_call}
  0x000001a5d3428718: 0048 b8e8 | 14ee 3cfd | 7f00 00ff | d0c5 f877 | 41c7 8754 | 0400 0005 | 0000 00f0 | 8344 24c0 
  0x000001a5d3428738: 0049 3b6f | 280f 870e | 0000 0041 | 83bf 5004 | 0000 000f | 842b 0000 | 00c5 f877 | 4889 45f8 
  0x000001a5d3428758: 498b cf4c | 8be4 4883 | ec20 4883 

  0x000001a5d3428764: ;   {runtime_call}
  0x000001a5d3428764: e4f0 48b8 | d0b9 5608 | fd7f 0000 | ffd0 498b | e44d 33e4 | 488b 45f8 | 41c7 8754 | 0400 0008 
  0x000001a5d3428784: 0000 0041 | 83bf d004 | 0000 020f | 8474 0100 | 0049 c787 | a803 0000 | 0000 0000 | 49c7 87b0 
  0x000001a5d34287a4: 0300 0000 | 0000 00c5 | f877 4885 | c00f 842f | 0100 00a8 | 030f 8508 | 0000 0048 | 8b00 e91f 
  0x000001a5d34287c4: 0100 00a8 | 010f 8509 | 0000 0048 | 8b40 fee9 | 0e01 0000 | 488b 40ff | 4180 7f48 | 000f 84ff 
  0x000001a5d34287e4: 0000 0048 | 83f8 000f | 84f5 0000 | 0049 8b4f | 3848 85c9 | 0f84 1400 | 0000 4883 | e908 4989 
  0x000001a5d3428804: 4f38 4903 | 4f40 4889 | 01e9 d400 | 0000 4883 | ec70 4889 | 0424 4889 | 4c24 0848 | 8954 2410 
  0x000001a5d3428824: 4c89 4424 | 184c 894c | 2420 4c89 | 5424 284c | 895c 2430 | c5fb 1144 | 2440 c5fb | 114c 2448 
  0x000001a5d3428844: c5fb 1154 | 2450 c5fb | 115c 2458 | c5fb 1164 | 2460 c5fb | 116c 2468 | 498b d748 | 8bc8 4883 
  0x000001a5d3428864: ;   {no_reloc}
  0x000001a5d3428864: ec20 40f6 | c40f 0f84 | 1900 0000 | 4883 ec08 

  0x000001a5d3428874: ;   {runtime_call}
  0x000001a5d3428874: 48b8 9049 | 4908 fd7f | 0000 ffd0 | 4883 c408 | e90c 0000 

  0x000001a5d3428888: ;   {runtime_call}
  0x000001a5d3428888: 0048 b890 | 4949 08fd | 7f00 00ff | d048 83c4 | 20c5 fb10 | 6c24 68c5 | fb10 6424 | 60c5 fb10 
  0x000001a5d34288a8: 5c24 58c5 | fb10 5424 | 50c5 fb10 | 4c24 48c5 | fb10 4424 | 404c 8b5c | 2430 4c8b | 5424 284c 
  0x000001a5d34288c8: 8b4c 2420 | 4c8b 4424 | 1848 8b54 | 2410 488b | 4c24 0848 | 8b04 2448 | 83c4 70c5 | f877 498b 
  0x000001a5d34288e8: 8f38 0400 | 00c7 8100 | 0100 0000 | 0000 00c9 | 4983 7f08 | 000f 8501 | 0000 00c3 

  0x000001a5d3428904: ;   {runtime_call StubRoutines (initial stubs)}
  0x000001a5d3428904: e9b7 85c5 | ffc5 f877 | 4889 45f8 | 4c8b e448 | 83ec 2048 

  0x000001a5d3428918: ;   {runtime_call}
  0x000001a5d3428918: 83e4 f048 | b8d0 568e | 08fd 7f00 | 00ff d049 | 8be4 4d33 | e448 8b45 | f8e9 5ffe | ffff f4f4 
[/MachCode]


Compiled method (c1) 6807 1776       1       java.lang.System$1::defineClass (21 bytes)
 total in heap  [0x000001a5d34b5708,0x000001a5d34b5940] = 568
 relocation     [0x000001a5d34b57e0,0x000001a5d34b5810] = 48
 main code      [0x000001a5d34b5820,0x000001a5d34b58f8] = 216
 stub code      [0x000001a5d34b58f8,0x000001a5d34b5938] = 64
 metadata       [0x000001a5d34b5938,0x000001a5d34b5940] = 8
 immutable data [0x000001a5c5cafa70,0x000001a5c5cafae8] = 120
 dependencies   [0x000001a5c5cafa70,0x000001a5c5cafa78] = 8
 nul chk table  [0x000001a5c5cafa78,0x000001a5c5cafa88] = 16
 scopes pcs     [0x000001a5c5cafa88,0x000001a5c5cafac8] = 64
 scopes data    [0x000001a5c5cafac8,0x000001a5c5cafae8] = 32

[Constant Pool (empty)]

[MachCode]
[Instructions begin]
  0x000001a5d34b5820: 6666 660f | 1f84 0000 | 0000 0066 | 6666 9066 | 6690 448b | 5208 443b 

  0x000001a5d34b5838: ;   {runtime_call Shared Runtime ic_miss_blob}
  0x000001a5d34b5838: 5008 0f85 | 208f c1ff 
[Verified Entry Point]
  0x000001a5d34b5840: 8984 2400 | 80ff ff55 | 4883 ec60 | 4181 7f20 | 0100 0000 

  0x000001a5d34b5854: ;   {runtime_call StubRoutines (final stubs)}
  0x000001a5d34b5854: 7405 e865 | 01c0 ff48 | 8bd9 4c8b | ac24 8000 | 0000 448b | 5c24 788b | 4424 708b | 4e0c 498b 
  0x000001a5d34b5874: d04d 8bc1 | 4c8b cf48 | 8bfe be00 | 0000 0048 | 891c 2489 | 4424 0844 | 895c 2410 | 4c89 6c24 
  0x000001a5d34b5894: ;   {static_call}
  0x000001a5d34b5894: 1866 90e8 

  0x000001a5d34b5898: ; ImmutableOopMap {}
                      ;*invokestatic defineClass0 {reexecute=0 rethrow=0 return_oop=0}
                      ; - java.lang.System$1::defineClass@17 (line 2025)
  0x000001a5d34b5898: 742d f7ff 

  0x000001a5d34b589c: ;   {post_call_nop}
  0x000001a5d34b589c: 0f1f 8400 | 9401 0000 | 4883 c460 

  0x000001a5d34b58a8: ;   {poll_return}
  0x000001a5d34b58a8: 5d49 3b67 | 280f 8706 | 0000 00c3 

  0x000001a5d34b58b4: ;   {runtime_call C1 Runtime throw_null_pointer_exception_blob}
  0x000001a5d34b58b4: e8a7 33cc 

  0x000001a5d34b58b8: ; ImmutableOopMap {r8=Oop r9=Oop rdi=Oop rsi=Oop rbx=Oop r13=Oop [128]=Oop }
                      ;*arraylength {reexecute=0 rethrow=0 return_oop=0}
                      ; - java.lang.System$1::defineClass@8 (line 2025)
                      ;   {internal_word}
  0x000001a5d34b58b8: ff49 baa9 | 584b d3a5 | 0100 004d | 8997 6004 

  0x000001a5d34b58c8: ;   {runtime_call SafepointBlob}
  0x000001a5d34b58c8: 0000 e911 | 04c2 ff49 | 8b87 0805 | 0000 49c7 | 8708 0500 | 0000 0000 | 0049 c787 | 1005 0000 
  0x000001a5d34b58e8: 0000 0000 | 4883 c460 

  0x000001a5d34b58f0: ;   {runtime_call C1 Runtime unwind_exception_blob}
  0x000001a5d34b58f0: 5de9 ea19 | ccff f4f4 
[Stub Code]
  0x000001a5d34b58f8: ;   {no_reloc}
  0x000001a5d34b58f8: 48bb 0000 | 0000 0000 

  0x000001a5d34b5900: ;   {runtime_call nmethod}
  0x000001a5d34b5900: 0000 e9fb 

  0x000001a5d34b5904: ;   {runtime_call C1 Runtime handle_exception_from_callee_blob}
  0x000001a5d34b5904: ffff ffe8 | d454 ccff 

  0x000001a5d34b590c: ;   {external_word}
  0x000001a5d34b590c: 48b9 08ec | b408 fd7f | 0000 4883 

  0x000001a5d34b5918: ;   {runtime_call}
  0x000001a5d34b5918: e4f0 48b8 | 30a8 7b08 | fd7f 0000 

  0x000001a5d34b5924: ;   {section_word}
  0x000001a5d34b5924: ffd0 f449 | ba27 594b | d3a5 0100 

  0x000001a5d34b5930: ;   {runtime_call DeoptimizationBlob}
  0x000001a5d34b5930: 0041 52e9 | 48f9 c1ff 
[/MachCode]


Compiled method (c1) 6838 1775   !   1       java.lang.invoke.MethodHandles$Lookup$ClassDefiner::defineClass (213 bytes)
 total in heap  [0x000001a5d34b6808,0x000001a5d34b6ef0] = 1768
 relocation     [0x000001a5d34b68e0,0x000001a5d34b6978] = 152
 main code      [0x000001a5d34b6980,0x000001a5d34b6e08] = 1160
 stub code      [0x000001a5d34b6e08,0x000001a5d34b6e80] = 120
 metadata       [0x000001a5d34b6e80,0x000001a5d34b6ef0] = 112
 immutable data [0x000001a5c5c73370,0x000001a5c5c73668] = 760
 dependencies   [0x000001a5c5c73370,0x000001a5c5c73390] = 32
 nul chk table  [0x000001a5c5c73390,0x000001a5c5c733d8] = 72
 handler table  [0x000001a5c5c733d8,0x000001a5c5c73420] = 72
 scopes pcs     [0x000001a5c5c73420,0x000001a5c5c73550] = 304
 scopes data    [0x000001a5c5c73550,0x000001a5c5c73668] = 280

[Constant Pool (empty)]

[MachCode]
[Instructions begin]
  0x000001a5d34b6980: 6666 660f | 1f84 0000 | 0000 0066 | 6666 9066 | 6690 448b | 5208 443b 

  0x000001a5d34b6998: ;   {runtime_call Shared Runtime ic_miss_blob}
  0x000001a5d34b6998: 5008 0f85 | c07d c1ff 
[Verified Entry Point]
  0x000001a5d34b69a0: 8984 2400 | 80ff ff55 | 4881 ece0 | 0000 0090 | 4181 7f20 | 0100 0000 

  0x000001a5d34b69b8: ;   {runtime_call StubRoutines (final stubs)}
  0x000001a5d34b69b8: 7405 e801 | f0bf ff48 | 8994 2498 | 0000 0044 | 8984 24b0 | 0000 004c | 898c 24b8 | 0000 008b 
  0x000001a5d34b69d8: 7210 4889 | b424 9000 | 0000 8b7e | 1048 89bc | 24a8 0000 | 008b 5f34 | 4885 db0f | 84dd 0000 
  0x000001a5d34b69f8: 008b 4618 | 4885 c048 | 899c 24a0 | 0000 000f | 85db 0000 

  0x000001a5d34b6a0c: ;   {oop(a 'java/lang/Class'{0x00000000ffe84748} = 'jdk/internal/access/SharedSecrets')}
  0x000001a5d34b6a0c: 0048 b848 | 47e8 ff00 | 0000 008b | 407c 8b4e | 1048 85c0 | 0f84 2a00 

  0x000001a5d34b6a24: ;   {metadata('java/lang/System$1')}
  0x000001a5d34b6a24: 0000 48be | 9044 1780 | a501 0000 | 448b 7008 | 49ba 0000 | 0080 a501 | 0000 4d03 | f249 3b76 
  0x000001a5d34b6a44: 380f 8570 | 0200 00e9 | 0000 0000 | 4c8b d848 | 3b00 483b | 0148 8bd1 

  0x000001a5d34b6a5c: ;   {optimized virtual_call}
  0x000001a5d34b6a5c: 6666 90e8 

  0x000001a5d34b6a60: ; ImmutableOopMap {[144]=Oop [152]=Oop [160]=Oop [168]=Oop [184]=Oop }
                      ;*invokevirtual getProtectionDomain0 {reexecute=0 rethrow=0 return_oop=0}
                      ; - java.lang.Class::protectionDomain@1 (line 2728)
                      ; - java.lang.System$1::protectionDomain@1 (line 2151)
                      ; - java.lang.invoke.MethodHandles$Lookup::lookupClassProtectionDomain@17 (line 2394)
                      ; - java.lang.invoke.MethodHandles$Lookup$ClassDefiner::defineClass@23 (line 2351)
  0x000001a5d34b6a60: 2c91 0200 

  0x000001a5d34b6a64: ;   {post_call_nop}
  0x000001a5d34b6a64: 0f1f 8400 | 5c02 0000 | 4885 c00f | 851f 0000 | 0066 6690 

  0x000001a5d34b6a78: ;   {no_reloc}
  0x000001a5d34b6a78: e9c5 0200 | 0000 0000 | 0000 660f | 1f44 0000 

  0x000001a5d34b6a88: ; implicit exception: dispatches to 0x000001a5d34b6d4c
  0x000001a5d34b6a88: e9d0 0200 | 0090 90e9 | 0300 0000 | 4c8b c048 | 8bb4 2490 | 0000 0045 | 0fbe 4f48 | 4585 c90f 
  0x000001a5d34b6aa8: 85ba 0200 | 004d 8bd0 | 4489 5618 | f083 4424 | c000 4c8b | ce4d 33c8 | 49c1 e914 | 4983 f900 
  0x000001a5d34b6ac8: 0f85 b502 | 0000 498b | c0e9 1200 | 0000 4889 | 9c24 a000 

  0x000001a5d34b6adc: ;   {oop(nullptr)}
  0x000001a5d34b6adc: 0000 48b8 | 0000 0000 | 0000 0000 | 488b 9c24 | a000 0000 | 488b bc24 | a800 0000 | 488b 9424 
  0x000001a5d34b6afc: 9800 0000 

  0x000001a5d34b6b00: ;   {oop(a 'java/lang/Class'{0x00000000ffe84748} = 'jdk/internal/access/SharedSecrets')}
  0x000001a5d34b6b00: 49b8 4847 | e8ff 0000 | 0000 458b | 707c 8b72 | 148b 4a18 | 448b 4a0c | 4d85 f60f | 842a 0000 
  0x000001a5d34b6b20: ;   {metadata('java/lang/System$1')}
  0x000001a5d34b6b20: 0049 bb90 | 4417 80a5 | 0100 0045 | 8b6e 0849 | ba00 0000 | 80a5 0100 | 004d 03ea | 4d3b 5d38 
  0x000001a5d34b6b40: 0f85 5502 | 0000 e900 | 0000 004d | 8bc6 493b | 064c 8bc3 | 498b d14c | 8bcf 488b | fe48 8bf1 
  0x000001a5d34b6b60: 488b c88b | 8424 b000 | 0000 8904 | 2489 5424 | 0848 8b94 | 24b8 0000 | 0048 8954 | 2410 498b 
  0x000001a5d34b6b80: d666 0f1f 

  0x000001a5d34b6b84: ;   {optimized virtual_call}
  0x000001a5d34b6b84: 4400 00e8 

  0x000001a5d34b6b88: ; ImmutableOopMap {[152]=Oop [168]=Oop }
                      ;*invokeinterface defineClass {reexecute=0 rethrow=0 return_oop=0}
                      ; - java.lang.invoke.MethodHandles$Lookup$ClassDefiner::defineClass@57 (line 2355)
  0x000001a5d34b6b88: b4ec ffff 

  0x000001a5d34b6b8c: ;   {post_call_nop}
  0x000001a5d34b6b8c: 0f1f 8400 | 8403 0001 | 488b 9424 | 9800 0000 | 8b72 1c44 | 0fbe 460c | 4183 e001 | 4585 c00f 
  0x000001a5d34b6bac: 84bb 0000 | 008b 7a14 | 4885 c00f | 8482 0000 | 00e9 3d00 | 0000 488b | 9424 9800 | 0000 498b 
  0x000001a5d34b6bcc: 8708 0500 | 004d 33d2 | 4d89 9708 | 0500 004d | 33d2 4d89 | 9710 0500 | 008b 721c 

  0x000001a5d34b6be8: ; implicit exception: dispatches to 0x000001a5d34b6daa
  0x000001a5d34b6be8: 440f be46 | 0c41 83e0 | 0145 85c0 | 0f84 b200 | 0000 e980 | 0000 008b | 5218 4c8b | c74c 8bc8 
  0x000001a5d34b6c08: 488b fa48 | 8bd6 4889 | 8424 c000 

  0x000001a5d34b6c14: ;   {optimized virtual_call}
  0x000001a5d34b6c14: 0000 90e8 

  0x000001a5d34b6c18: ; ImmutableOopMap {[192]=Oop }
                      ;*invokevirtual dumpClass {reexecute=0 rethrow=0 return_oop=0}
                      ; - java.lang.invoke.MethodHandles$Lookup$ClassDefiner::defineClass@134 (line 2363)
  0x000001a5d34b6c18: 447e c1ff 

  0x000001a5d34b6c1c: ;   {post_call_nop}
  0x000001a5d34b6c1c: 0f1f 8400 | 1404 0002 | 488b 8424 | c000 0000 | 4881 c4e0 | 0000 005d 

  0x000001a5d34b6c34: ;   {poll_return}
  0x000001a5d34b6c34: 493b 6728 | 0f87 7101 | 0000 c348 | 8984 24c0 | 0000 0044 | 8b4a 184c | 8bc7 488b | d666 0f1f 
  0x000001a5d34b6c54: ;   {optimized virtual_call}
  0x000001a5d34b6c54: 4400 00e8 

  0x000001a5d34b6c58: ; ImmutableOopMap {[192]=Oop }
                      ;*invokevirtual dumpFailedClass {reexecute=0 rethrow=0 return_oop=0}
                      ; - java.lang.invoke.MethodHandles$Lookup$ClassDefiner::defineClass@150 (line 2365)
  0x000001a5d34b6c58: 047e c1ff 

  0x000001a5d34b6c5c: ;   {post_call_nop}
  0x000001a5d34b6c5c: 0f1f 8400 | 5404 0003 | 488b 8424 | c000 0000 | 4881 c4e0 | 0000 005d 

  0x000001a5d34b6c74: ;   {poll_return}
  0x000001a5d34b6c74: 493b 6728 | 0f87 4701 | 0000 c348 | 8984 24c8 | 0000 0044 | 8b42 1444 | 8b4a 1848 | 8bd6 0f1f 
  0x000001a5d34b6c94: ;   {optimized virtual_call}
  0x000001a5d34b6c94: 4400 00e8 

  0x000001a5d34b6c98: ; ImmutableOopMap {[200]=Oop }
                      ;*invokevirtual dumpFailedClass {reexecute=0 rethrow=0 return_oop=0}
                      ; - java.lang.invoke.MethodHandles$Lookup$ClassDefiner::defineClass@207 (line 2365)
  0x000001a5d34b6c98: c47d c1ff 

  0x000001a5d34b6c9c: ;   {post_call_nop}
  0x000001a5d34b6c9c: 0f1f 8400 | 9404 0004 | 488b 8424 | c800 0000 | e947 0100 

  0x000001a5d34b6cb0: ;   {runtime_call C1 Runtime throw_null_pointer_exception_blob}
  0x000001a5d34b6cb0: 00e8 aa1f 

  0x000001a5d34b6cb4: ; ImmutableOopMap {rdx=Oop r9=Oop rsi=Oop [144]=Oop [152]=Oop [184]=Oop }
                      ;*invokevirtual lookupClass {reexecute=0 rethrow=0 return_oop=0}
                      ; - java.lang.invoke.MethodHandles$Lookup$ClassDefiner::defineClass@4 (line 2349)
                      ;   {runtime_call C1 Runtime throw_null_pointer_exception_blob}
  0x000001a5d34b6cb4: ccff e8a5 

  0x000001a5d34b6cb8: ; ImmutableOopMap {rdx=Oop r9=Oop rsi=Oop rdi=Oop [144]=Oop [152]=Oop [168]=Oop [184]=Oop }
                      ;*invokevirtual getClassLoader {reexecute=0 rethrow=0 return_oop=0}
                      ; - java.lang.invoke.MethodHandles$Lookup$ClassDefiner::defineClass@9 (line 2350)
                      ;   {runtime_call C1 Runtime throw_incompatible_class_change_error_blob}
  0x000001a5d34b6cb8: 1fcc ffe8 

  0x000001a5d34b6cbc: ; ImmutableOopMap {rax=Oop rcx=Oop [144]=Oop [152]=Oop [160]=Oop [168]=Oop [184]=Oop }
                      ;*invokeinterface protectionDomain {reexecute=0 rethrow=0 return_oop=0}
                      ; - java.lang.invoke.MethodHandles$Lookup::lookupClassProtectionDomain@17 (line 2394)
                      ; - java.lang.invoke.MethodHandles$Lookup$ClassDefiner::defineClass@23 (line 2351)
  0x000001a5d34b6cbc: 204a ccff 

  0x000001a5d34b6cc0: ;   {runtime_call C1 Runtime throw_null_pointer_exception_blob}
  0x000001a5d34b6cc0: e89b 1fcc 

  0x000001a5d34b6cc4: ; ImmutableOopMap {rcx=Oop [144]=Oop [152]=Oop [160]=Oop [168]=Oop [184]=Oop }
                      ;*invokeinterface protectionDomain {reexecute=0 rethrow=0 return_oop=0}
                      ; - java.lang.invoke.MethodHandles$Lookup::lookupClassProtectionDomain@17 (line 2394)
                      ; - java.lang.invoke.MethodHandles$Lookup$ClassDefiner::defineClass@23 (line 2351)
                      ;   {runtime_call C1 Runtime throw_null_pointer_exception_blob}
  0x000001a5d34b6cc4: ffe8 961f 

  0x000001a5d34b6cc8: ; ImmutableOopMap {rcx=Oop [144]=Oop [152]=Oop [160]=Oop [168]=Oop [184]=Oop }
                      ;*invokevirtual protectionDomain {reexecute=0 rethrow=0 return_oop=0}
                      ; - java.lang.System$1::protectionDomain@1 (line 2151)
                      ; - java.lang.invoke.MethodHandles$Lookup::lookupClassProtectionDomain@17 (line 2394)
                      ; - java.lang.invoke.MethodHandles$Lookup$ClassDefiner::defineClass@23 (line 2351)
                      ;   {oop(nullptr)}
  0x000001a5d34b6cc8: ccff 49b8 | 0000 0000 | 0000 0000 | 5053 498b | 5810 5756 | 5251 4150 | 4151 4152 | 4153 4883 
  0x000001a5d34b6ce8: ec20 40f6 | c40f 0f84 | 1900 0000 | 4883 ec08 

  0x000001a5d34b6cf8: ;   {runtime_call}
  0x000001a5d34b6cf8: 48b8 70b9 | 1408 fd7f | 0000 ffd0 | 4883 c408 | e90c 0000 

  0x000001a5d34b6d0c: ;   {runtime_call}
  0x000001a5d34b6d0c: 0048 b870 | b914 08fd | 7f00 00ff | d048 83c4 | 2041 5b41 | 5a41 5941 | 5859 5a5e | 5f48 3b83 
  0x000001a5d34b6d2c: 4801 0000 | 5b58 0f85 | 0a00 0000 | e945 fdff | ffb8 0078 

  0x000001a5d34b6d40: ;   {runtime_call C1 Runtime load_mirror_patching_blob}
  0x000001a5d34b6d40: 6e0a e819 

  0x000001a5d34b6d44: ; ImmutableOopMap {[144]=Oop [152]=Oop [160]=Oop [168]=Oop [184]=Oop }
                      ;*getstatic allPermDomain {reexecute=1 rethrow=0 return_oop=0}
                      ; - (reexecute) java.lang.Class::protectionDomain@9 (line 2730)
                      ; - java.lang.System$1::protectionDomain@1 (line 2151)
                      ; - java.lang.invoke.MethodHandles$Lookup::lookupClassProtectionDomain@17 (line 2394)
                      ; - java.lang.invoke.MethodHandles$Lookup$ClassDefiner::defineClass@23 (line 2351)
  0x000001a5d34b6d44: 6fcc ffe9 | 2cfd ffff 

  0x000001a5d34b6d4c: ;   {runtime_call C1 Runtime throw_null_pointer_exception_blob}
  0x000001a5d34b6d4c: e80f 1fcc 

  0x000001a5d34b6d50: ; ImmutableOopMap {r8=Oop [144]=Oop [152]=Oop [160]=Oop [168]=Oop [184]=Oop }
                      ;*getstatic allPermDomain {reexecute=1 rethrow=0 return_oop=0}
                      ; - (reexecute) java.lang.Class::protectionDomain@9 (line 2730)
                      ; - java.lang.System$1::protectionDomain@1 (line 2151)
                      ; - java.lang.invoke.MethodHandles$Lookup::lookupClassProtectionDomain@17 (line 2394)
                      ; - java.lang.invoke.MethodHandles$Lookup$ClassDefiner::defineClass@23 (line 2351)
  0x000001a5d34b6d50: ff45 8b80 | 0000 0000 | b800 0c05 

  0x000001a5d34b6d5c: ;   {runtime_call C1 Runtime access_field_patching_blob}
  0x000001a5d34b6d5c: 07e8 fe65 

  0x000001a5d34b6d60: ; ImmutableOopMap {r8=Oop [144]=Oop [152]=Oop [160]=Oop [168]=Oop [184]=Oop }
                      ;*getstatic allPermDomain {reexecute=1 rethrow=0 return_oop=0}
                      ; - (reexecute) java.lang.Class::protectionDomain@9 (line 2730)
                      ; - java.lang.System$1::protectionDomain@1 (line 2151)
                      ; - java.lang.invoke.MethodHandles$Lookup::lookupClassProtectionDomain@17 (line 2394)
                      ; - java.lang.invoke.MethodHandles$Lookup$ClassDefiner::defineClass@23 (line 2351)
  0x000001a5d34b6d60: ccff e921 | fdff ff44 | 8b4e 1849 | 83f9 000f | 8438 fdff | ff4c 890c 

  0x000001a5d34b6d78: ;   {runtime_call g1_pre_barrier_slow}
  0x000001a5d34b6d78: 24e8 6289 | ccff e92a | fdff ff49 | 83f8 000f | 8441 fdff | ff48 8934 

  0x000001a5d34b6d90: ;   {runtime_call g1_post_barrier_slow}
  0x000001a5d34b6d90: 24e8 4a8c | ccff e933 

  0x000001a5d34b6d98: ;   {runtime_call C1 Runtime throw_incompatible_class_change_error_blob}
  0x000001a5d34b6d98: fdff ffe8 

  0x000001a5d34b6d9c: ; ImmutableOopMap {rax=Oop rdi=Oop rbx=Oop r14=Oop rsi=Oop rcx=Oop [152]=Oop [168]=Oop [184]=Oop }
                      ;*invokeinterface defineClass {reexecute=0 rethrow=0 return_oop=0}
                      ; - java.lang.invoke.MethodHandles$Lookup$ClassDefiner::defineClass@57 (line 2355)
  0x000001a5d34b6d9c: 4049 ccff 

  0x000001a5d34b6da0: ;   {runtime_call C1 Runtime throw_null_pointer_exception_blob}
  0x000001a5d34b6da0: e8bb 1ecc 

  0x000001a5d34b6da4: ; ImmutableOopMap {rax=Oop rdi=Oop rbx=Oop r14=Oop rsi=Oop rcx=Oop [152]=Oop [168]=Oop [184]=Oop }
                      ;*invokeinterface defineClass {reexecute=0 rethrow=0 return_oop=0}
                      ; - java.lang.invoke.MethodHandles$Lookup$ClassDefiner::defineClass@57 (line 2355)
                      ;   {runtime_call C1 Runtime throw_null_pointer_exception_blob}
  0x000001a5d34b6da4: ffe8 b61e 

  0x000001a5d34b6da8: ; ImmutableOopMap {rax=Oop rdx=Oop rsi=Oop [152]=Oop }
                      ;*invokevirtual isEnabled {reexecute=0 rethrow=0 return_oop=0}
                      ; - java.lang.invoke.MethodHandles$Lookup$ClassDefiner::defineClass@105 (line 2360)
                      ;   {runtime_call C1 Runtime throw_null_pointer_exception_blob}
  0x000001a5d34b6da8: ccff e8b1 

  0x000001a5d34b6dac: ; ImmutableOopMap {rdx=Oop rax=Oop rsi=Oop [152]=Oop }
                      ;*invokevirtual isEnabled {reexecute=0 rethrow=0 return_oop=0}
                      ; - java.lang.invoke.MethodHandles$Lookup$ClassDefiner::defineClass@162 (line 2360)
                      ;   {internal_word}
  0x000001a5d34b6dac: 1ecc ff49 | ba34 6c4b | d3a5 0100 | 004d 8997 | 6004 0000 

  0x000001a5d34b6dc0: ;   {runtime_call SafepointBlob}
  0x000001a5d34b6dc0: e91b efc1 

  0x000001a5d34b6dc4: ;   {internal_word}
  0x000001a5d34b6dc4: ff49 ba74 | 6c4b d3a5 | 0100 004d | 8997 6004 

  0x000001a5d34b6dd4: ;   {runtime_call SafepointBlob}
  0x000001a5d34b6dd4: 0000 e905 | efc1 ff49 | 8b87 0805 | 0000 49c7 | 8708 0500 | 0000 0000 | 0049 c787 | 1005 0000 
  0x000001a5d34b6df4: 0000 0000 | 4881 c4e0 | 0000 005d 

  0x000001a5d34b6e00: ;   {runtime_call C1 Runtime unwind_exception_blob}
  0x000001a5d34b6e00: e9db 04cc | fff4 f4f4 
[Stub Code]
  0x000001a5d34b6e08: ;   {no_reloc}
  0x000001a5d34b6e08: 0f1f 4400 

  0x000001a5d34b6e0c: ;   {static_stub}
  0x000001a5d34b6e0c: 0048 bb00 | 0000 0000 

  0x000001a5d34b6e14: ;   {runtime_call nmethod}
  0x000001a5d34b6e14: 0000 00e9 | fbff ffff 

  0x000001a5d34b6e1c: ;   {static_stub}
  0x000001a5d34b6e1c: 48bb 68c4 | 1780 a501 

  0x000001a5d34b6e24: ;   {runtime_call I2C/C2I adapters}
  0x000001a5d34b6e24: 0000 e987 

  0x000001a5d34b6e28: ;   {static_stub}
  0x000001a5d34b6e28: d2c1 ff48 | bb00 0000 | 0000 0000 

  0x000001a5d34b6e34: ;   {runtime_call nmethod}
  0x000001a5d34b6e34: 00e9 fbff 

  0x000001a5d34b6e38: ;   {static_stub}
  0x000001a5d34b6e38: ffff 48bb | 0000 0000 | 0000 0000 

  0x000001a5d34b6e44: ;   {runtime_call nmethod}
  0x000001a5d34b6e44: e9fb ffff 

  0x000001a5d34b6e48: ;   {runtime_call C1 Runtime handle_exception_from_callee_blob}
  0x000001a5d34b6e48: ffe8 923f 

  0x000001a5d34b6e4c: ;   {external_word}
  0x000001a5d34b6e4c: ccff 48b9 | 08ec b408 | fd7f 0000 | 4883 e4f0 

  0x000001a5d34b6e5c: ;   {runtime_call}
  0x000001a5d34b6e5c: 48b8 30a8 | 7b08 fd7f | 0000 ffd0 

  0x000001a5d34b6e68: ;   {section_word}
  0x000001a5d34b6e68: f449 ba69 | 6e4b d3a5 | 0100 0041 

  0x000001a5d34b6e74: ;   {runtime_call DeoptimizationBlob}
  0x000001a5d34b6e74: 52e9 06e4 | c1ff f4f4 | f4f4 f4f4 
[/MachCode]


---------------  P R O C E S S  ---------------

Threads class SMR info:
_java_thread_list=0x000001a5c6098600, length=18, elements={
0x000001a5ca7d9920, 0x000001a5da181cc0, 0x000001a5da182cb0, 0x000001a5da185e30,
0x000001a5da18b980, 0x000001a5da18e4c0, 0x000001a5da18eff0, 0x000001a5da19d040,
0x000001a5c504a7e0, 0x000001a5c50808c0, 0x000001a5c5083350, 0x000001a5c517ba10,
0x000001a5c517c150, 0x000001a5c5a223d0, 0x000001a5c5a51da0, 0x000001a5c5a79cc0,
0x000001a5c5a831f0, 0x000001a5c60e7310
}

Java Threads: ( => current thread )
  0x000001a5ca7d9920 JavaThread "main"                              [_thread_in_vm, id=8036, stack(0x0000003616e00000,0x0000003616f00000) (1024K)]
  0x000001a5da181cc0 JavaThread "Reference Handler"          daemon [_thread_blocked, id=6924, stack(0x0000003617600000,0x0000003617700000) (1024K)]
  0x000001a5da182cb0 JavaThread "Finalizer"                  daemon [_thread_blocked, id=1940, stack(0x0000003617700000,0x0000003617800000) (1024K)]
  0x000001a5da185e30 JavaThread "Signal Dispatcher"          daemon [_thread_blocked, id=2524, stack(0x0000003617800000,0x0000003617900000) (1024K)]
  0x000001a5da18b980 JavaThread "Attach Listener"            daemon [_thread_blocked, id=11860, stack(0x0000003617900000,0x0000003617a00000) (1024K)]
  0x000001a5da18e4c0 JavaThread "Service Thread"             daemon [_thread_blocked, id=6420, stack(0x0000003617a00000,0x0000003617b00000) (1024K)]
  0x000001a5da18eff0 JavaThread "Monitor Deflation Thread"   daemon [_thread_blocked, id=8592, stack(0x0000003617b00000,0x0000003617c00000) (1024K)]
  0x000001a5da19d040 JavaThread "C1 CompilerThread0"         daemon [_thread_blocked, id=11192, stack(0x0000003617c00000,0x0000003617d00000) (1024K)]
  0x000001a5c504a7e0 JavaThread "C1 CompilerThread1"         daemon [_thread_blocked, id=12216, stack(0x0000003617d00000,0x0000003617e00000) (1024K)]
  0x000001a5c50808c0 JavaThread "Common-Cleaner"             daemon [_thread_blocked, id=13656, stack(0x0000003617e00000,0x0000003617f00000) (1024K)]
  0x000001a5c5083350 JavaThread "C1 CompilerThread2"         daemon [_thread_blocked, id=9864, stack(0x0000003618000000,0x0000003618100000) (1024K)]
  0x000001a5c517ba10 JavaThread "Monitor Ctrl-Break"         daemon [_thread_in_native, id=12496, stack(0x0000003617f00000,0x0000003618000000) (1024K)]
  0x000001a5c517c150 JavaThread "Notification Thread"        daemon [_thread_blocked, id=13812, stack(0x0000003618100000,0x0000003618200000) (1024K)]
  0x000001a5c5a223d0 JavaThread "RMI TCP Accept-0"           daemon [_thread_in_native, id=13804, stack(0x0000003618200000,0x0000003618300000) (1024K)]
  0x000001a5c5a51da0 JavaThread "RMI TCP Connection(1)-169.254.166.220" daemon [_thread_in_vm, id=10536, stack(0x0000003618300000,0x0000003618400000) (1024K)]
  0x000001a5c5a79cc0 JavaThread "RMI Scheduler(0)"           daemon [_thread_blocked, id=2104, stack(0x0000003618400000,0x0000003618500000) (1024K)]
  0x000001a5c5a831f0 JavaThread "JMX server connection timeout 29" daemon [_thread_blocked, id=11808, stack(0x0000003618500000,0x0000003618600000) (1024K)]
=>0x000001a5c60e7310 JavaThread "background-preinit"                [_thread_in_vm, id=13896, stack(0x0000003618900000,0x0000003618a00000) (1024K)]
Total: 18

Other Threads:
  0x000001a5da174690 VMThread "VM Thread"                           [id=3168, stack(0x0000003617500000,0x0000003617600000) (1024K)]
  0x000001a5da16a4f0 WatcherThread "VM Periodic Task Thread"        [id=8440, stack(0x0000003617400000,0x0000003617500000) (1024K)]
  0x000001a5ca823440 WorkerThread "GC Thread#0"                     [id=1712, stack(0x0000003616f00000,0x0000003617000000) (1024K)]
  0x000001a5c5b4d420 WorkerThread "GC Thread#1"                     [id=1264, stack(0x0000003618600000,0x0000003618700000) (1024K)]
  0x000001a5c5b4c910 WorkerThread "GC Thread#2"                     [id=5460, stack(0x0000003618700000,0x0000003618800000) (1024K)]
  0x000001a5c5b4c560 WorkerThread "GC Thread#3"                     [id=3924, stack(0x0000003618800000,0x0000003618900000) (1024K)]
  0x000001a5ca833070 ConcurrentGCThread "G1 Main Marker"            [id=2532, stack(0x0000003617000000,0x0000003617100000) (1024K)]
  0x000001a5ca835240 WorkerThread "G1 Conc#0"                       [id=13712, stack(0x0000003617100000,0x0000003617200000) (1024K)]
  0x000001a5ca8951a0 ConcurrentGCThread "G1 Refine#0"               [id=12204, stack(0x0000003617200000,0x0000003617300000) (1024K)]
  0x000001a5da0410a0 ConcurrentGCThread "G1 Service"                [id=7796, stack(0x0000003617300000,0x0000003617400000) (1024K)]
Total: 10

Threads with active compile tasks:
Total: 0

VM state: not at safepoint (normal execution)

VM Mutex/Monitor currently owned by a thread:  ([mutex/lock_event])
[0x00007ffd08e024b0] Metaspace_lock - owner thread: 0x000001a5c60e7310

Heap address: 0x00000000a1e00000, size: 1506 MB, Compressed Oops mode: 32-bit

CDS archive(s) mapped at: [0x000001a580000000-0x000001a580d40000-0x000001a580d40000), size 13893632, SharedBaseAddress: 0x000001a580000000, ArchiveRelocationMode: 1.
Compressed class space mapped at: 0x000001a581000000-0x000001a5c1000000, reserved size: 1073741824
UseCompressedClassPointers 1, UseCompactObjectHeaders 0
Narrow klass pointer bits 32, Max shift 3
Narrow klass base: 0x000001a580000000, Narrow klass shift: 0
Encoding Range: [0x000001a580000000 - 0x000001a680000000), (4294967296 bytes)
Klass Range:    [0x000001a580000000 - 0x000001a5c1000000), (1090519040 bytes)
Klass ID Range:  [8 - 1090519033) (1090519025)

GC Precious Log:
 CardTable entry size: 512
 Card Set container configuration: InlinePtr #cards 5 size 8 Array Of Cards #cards 10 size 36 Howl #buckets 4 coarsen threshold 1843 Howl Bitmap #cards 512 size 80 coarsen threshold 460 Card regions per heap region 1 cards per card region 2048
 CPUs: 4 total, 4 available
 Memory: 6017M
 Large Page Support: Disabled
 NUMA Support: Disabled
 Compressed Oops: Enabled (32-bit)
 Heap Region Size: 1M
 Heap Min Capacity: 8M
 Heap Initial Capacity: 96M
 Heap Max Capacity: 1506M
 Pre-touch: Disabled
 Parallel Workers: 4
 Concurrent Workers: 1
 Concurrent Refinement Workers: 4
 Periodic GC: Disabled

Heap:
 garbage-first heap   total reserved 1542144K, committed 100352K, used 29450K [0x00000000a1e00000, 0x0000000100000000)
  region size 1024K, 28 young (28672K), 4 survivors (4096K)
 Metaspace       used 13654K, committed 13952K, reserved 1114112K
  class space    used 1539K, committed 1664K, reserved 1048576K

Heap Regions: E=young(eden), S=young(survivor), O=old, HS=humongous(starts), HC=humongous(continues), CS=collection set, F=free, TAMS=top-at-mark-start, PB=parsable bottom
|   0|0x00000000a1e00000, 0x00000000a1ea5758, 0x00000000a1f00000| 64%| O|  |TAMS 0x00000000a1e00000| PB 0x00000000a1e00000| Untracked |  0
|   1|0x00000000a1f00000, 0x00000000a1f00000, 0x00000000a2000000|  0%| F|  |TAMS 0x00000000a1f00000| PB 0x00000000a1f00000| Untracked |  0
|   2|0x00000000a2000000, 0x00000000a2000000, 0x00000000a2100000|  0%| F|  |TAMS 0x00000000a2000000| PB 0x00000000a2000000| Untracked |  0
|   3|0x00000000a2100000, 0x00000000a2100000, 0x00000000a2200000|  0%| F|  |TAMS 0x00000000a2100000| PB 0x00000000a2100000| Untracked |  0
|   4|0x00000000a2200000, 0x00000000a2200000, 0x00000000a2300000|  0%| F|  |TAMS 0x00000000a2200000| PB 0x00000000a2200000| Untracked |  0
|   5|0x00000000a2300000, 0x00000000a2300000, 0x00000000a2400000|  0%| F|  |TAMS 0x00000000a2300000| PB 0x00000000a2300000| Untracked |  0
|   6|0x00000000a2400000, 0x00000000a2400000, 0x00000000a2500000|  0%| F|  |TAMS 0x00000000a2400000| PB 0x00000000a2400000| Untracked |  0
|   7|0x00000000a2500000, 0x00000000a2500000, 0x00000000a2600000|  0%| F|  |TAMS 0x00000000a2500000| PB 0x00000000a2500000| Untracked |  0
|   8|0x00000000a2600000, 0x00000000a2600000, 0x00000000a2700000|  0%| F|  |TAMS 0x00000000a2600000| PB 0x00000000a2600000| Untracked |  0
|   9|0x00000000a2700000, 0x00000000a2700000, 0x00000000a2800000|  0%| F|  |TAMS 0x00000000a2700000| PB 0x00000000a2700000| Untracked |  0
|  10|0x00000000a2800000, 0x00000000a2800000, 0x00000000a2900000|  0%| F|  |TAMS 0x00000000a2800000| PB 0x00000000a2800000| Untracked |  0
|  11|0x00000000a2900000, 0x00000000a2900000, 0x00000000a2a00000|  0%| F|  |TAMS 0x00000000a2900000| PB 0x00000000a2900000| Untracked |  0
|  12|0x00000000a2a00000, 0x00000000a2a00000, 0x00000000a2b00000|  0%| F|  |TAMS 0x00000000a2a00000| PB 0x00000000a2a00000| Untracked |  0
|  13|0x00000000a2b00000, 0x00000000a2b00000, 0x00000000a2c00000|  0%| F|  |TAMS 0x00000000a2b00000| PB 0x00000000a2b00000| Untracked |  0
|  14|0x00000000a2c00000, 0x00000000a2c00000, 0x00000000a2d00000|  0%| F|  |TAMS 0x00000000a2c00000| PB 0x00000000a2c00000| Untracked |  0
|  15|0x00000000a2d00000, 0x00000000a2d00000, 0x00000000a2e00000|  0%| F|  |TAMS 0x00000000a2d00000| PB 0x00000000a2d00000| Untracked |  0
|  16|0x00000000a2e00000, 0x00000000a2e00000, 0x00000000a2f00000|  0%| F|  |TAMS 0x00000000a2e00000| PB 0x00000000a2e00000| Untracked |  0
|  17|0x00000000a2f00000, 0x00000000a2f00000, 0x00000000a3000000|  0%| F|  |TAMS 0x00000000a2f00000| PB 0x00000000a2f00000| Untracked |  0
|  18|0x00000000a3000000, 0x00000000a3000000, 0x00000000a3100000|  0%| F|  |TAMS 0x00000000a3000000| PB 0x00000000a3000000| Untracked |  0
|  19|0x00000000a3100000, 0x00000000a3100000, 0x00000000a3200000|  0%| F|  |TAMS 0x00000000a3100000| PB 0x00000000a3100000| Untracked |  0
|  20|0x00000000a3200000, 0x00000000a3200000, 0x00000000a3300000|  0%| F|  |TAMS 0x00000000a3200000| PB 0x00000000a3200000| Untracked |  0
|  21|0x00000000a3300000, 0x00000000a3300000, 0x00000000a3400000|  0%| F|  |TAMS 0x00000000a3300000| PB 0x00000000a3300000| Untracked |  0
|  22|0x00000000a3400000, 0x00000000a3400000, 0x00000000a3500000|  0%| F|  |TAMS 0x00000000a3400000| PB 0x00000000a3400000| Untracked |  0
|  23|0x00000000a3500000, 0x00000000a3500000, 0x00000000a3600000|  0%| F|  |TAMS 0x00000000a3500000| PB 0x00000000a3500000| Untracked |  0
|  24|0x00000000a3600000, 0x00000000a3600000, 0x00000000a3700000|  0%| F|  |TAMS 0x00000000a3600000| PB 0x00000000a3600000| Untracked |  0
|  25|0x00000000a3700000, 0x00000000a3700000, 0x00000000a3800000|  0%| F|  |TAMS 0x00000000a3700000| PB 0x00000000a3700000| Untracked |  0
|  26|0x00000000a3800000, 0x00000000a3800000, 0x00000000a3900000|  0%| F|  |TAMS 0x00000000a3800000| PB 0x00000000a3800000| Untracked |  0
|  27|0x00000000a3900000, 0x00000000a3900000, 0x00000000a3a00000|  0%| F|  |TAMS 0x00000000a3900000| PB 0x00000000a3900000| Untracked |  0
|  28|0x00000000a3a00000, 0x00000000a3a00000, 0x00000000a3b00000|  0%| F|  |TAMS 0x00000000a3a00000| PB 0x00000000a3a00000| Untracked |  0
|  29|0x00000000a3b00000, 0x00000000a3b00000, 0x00000000a3c00000|  0%| F|  |TAMS 0x00000000a3b00000| PB 0x00000000a3b00000| Untracked |  0
|  30|0x00000000a3c00000, 0x00000000a3c00000, 0x00000000a3d00000|  0%| F|  |TAMS 0x00000000a3c00000| PB 0x00000000a3c00000| Untracked |  0
|  31|0x00000000a3d00000, 0x00000000a3d00000, 0x00000000a3e00000|  0%| F|  |TAMS 0x00000000a3d00000| PB 0x00000000a3d00000| Untracked |  0
|  32|0x00000000a3e00000, 0x00000000a3e00000, 0x00000000a3f00000|  0%| F|  |TAMS 0x00000000a3e00000| PB 0x00000000a3e00000| Untracked |  0
|  33|0x00000000a3f00000, 0x00000000a3f00000, 0x00000000a4000000|  0%| F|  |TAMS 0x00000000a3f00000| PB 0x00000000a3f00000| Untracked |  0
|  34|0x00000000a4000000, 0x00000000a4000000, 0x00000000a4100000|  0%| F|  |TAMS 0x00000000a4000000| PB 0x00000000a4000000| Untracked |  0
|  35|0x00000000a4100000, 0x00000000a4100000, 0x00000000a4200000|  0%| F|  |TAMS 0x00000000a4100000| PB 0x00000000a4100000| Untracked |  0
|  36|0x00000000a4200000, 0x00000000a4200000, 0x00000000a4300000|  0%| F|  |TAMS 0x00000000a4200000| PB 0x00000000a4200000| Untracked |  0
|  37|0x00000000a4300000, 0x00000000a4300000, 0x00000000a4400000|  0%| F|  |TAMS 0x00000000a4300000| PB 0x00000000a4300000| Untracked |  0
|  38|0x00000000a4400000, 0x00000000a4400000, 0x00000000a4500000|  0%| F|  |TAMS 0x00000000a4400000| PB 0x00000000a4400000| Untracked |  0
|  39|0x00000000a4500000, 0x00000000a4500000, 0x00000000a4600000|  0%| F|  |TAMS 0x00000000a4500000| PB 0x00000000a4500000| Untracked |  0
|  40|0x00000000a4600000, 0x00000000a4600000, 0x00000000a4700000|  0%| F|  |TAMS 0x00000000a4600000| PB 0x00000000a4600000| Untracked |  0
|  41|0x00000000a4700000, 0x00000000a4700000, 0x00000000a4800000|  0%| F|  |TAMS 0x00000000a4700000| PB 0x00000000a4700000| Untracked |  0
|  42|0x00000000a4800000, 0x00000000a4800000, 0x00000000a4900000|  0%| F|  |TAMS 0x00000000a4800000| PB 0x00000000a4800000| Untracked |  0
|  43|0x00000000a4900000, 0x00000000a4900000, 0x00000000a4a00000|  0%| F|  |TAMS 0x00000000a4900000| PB 0x00000000a4900000| Untracked |  0
|  44|0x00000000a4a00000, 0x00000000a4a00000, 0x00000000a4b00000|  0%| F|  |TAMS 0x00000000a4a00000| PB 0x00000000a4a00000| Untracked |  0
|  45|0x00000000a4b00000, 0x00000000a4b00000, 0x00000000a4c00000|  0%| F|  |TAMS 0x00000000a4b00000| PB 0x00000000a4b00000| Untracked |  0
|  46|0x00000000a4c00000, 0x00000000a4c00000, 0x00000000a4d00000|  0%| F|  |TAMS 0x00000000a4c00000| PB 0x00000000a4c00000| Untracked |  0
|  47|0x00000000a4d00000, 0x00000000a4d00000, 0x00000000a4e00000|  0%| F|  |TAMS 0x00000000a4d00000| PB 0x00000000a4d00000| Untracked |  0
|  48|0x00000000a4e00000, 0x00000000a4e00000, 0x00000000a4f00000|  0%| F|  |TAMS 0x00000000a4e00000| PB 0x00000000a4e00000| Untracked |  0
|  49|0x00000000a4f00000, 0x00000000a4f00000, 0x00000000a5000000|  0%| F|  |TAMS 0x00000000a4f00000| PB 0x00000000a4f00000| Untracked |  0
|  50|0x00000000a5000000, 0x00000000a5000000, 0x00000000a5100000|  0%| F|  |TAMS 0x00000000a5000000| PB 0x00000000a5000000| Untracked |  0
|  51|0x00000000a5100000, 0x00000000a5100000, 0x00000000a5200000|  0%| F|  |TAMS 0x00000000a5100000| PB 0x00000000a5100000| Untracked |  0
|  52|0x00000000a5200000, 0x00000000a5200000, 0x00000000a5300000|  0%| F|  |TAMS 0x00000000a5200000| PB 0x00000000a5200000| Untracked |  0
|  53|0x00000000a5300000, 0x00000000a5300000, 0x00000000a5400000|  0%| F|  |TAMS 0x00000000a5300000| PB 0x00000000a5300000| Untracked |  0
|  54|0x00000000a5400000, 0x00000000a5400000, 0x00000000a5500000|  0%| F|  |TAMS 0x00000000a5400000| PB 0x00000000a5400000| Untracked |  0
|  55|0x00000000a5500000, 0x00000000a5500000, 0x00000000a5600000|  0%| F|  |TAMS 0x00000000a5500000| PB 0x00000000a5500000| Untracked |  0
|  56|0x00000000a5600000, 0x00000000a5600000, 0x00000000a5700000|  0%| F|  |TAMS 0x00000000a5600000| PB 0x00000000a5600000| Untracked |  0
|  57|0x00000000a5700000, 0x00000000a5700000, 0x00000000a5800000|  0%| F|  |TAMS 0x00000000a5700000| PB 0x00000000a5700000| Untracked |  0
|  58|0x00000000a5800000, 0x00000000a5800000, 0x00000000a5900000|  0%| F|  |TAMS 0x00000000a5800000| PB 0x00000000a5800000| Untracked |  0
|  59|0x00000000a5900000, 0x00000000a5900000, 0x00000000a5a00000|  0%| F|  |TAMS 0x00000000a5900000| PB 0x00000000a5900000| Untracked |  0
|  60|0x00000000a5a00000, 0x00000000a5a00000, 0x00000000a5b00000|  0%| F|  |TAMS 0x00000000a5a00000| PB 0x00000000a5a00000| Untracked |  0
|  61|0x00000000a5b00000, 0x00000000a5b00000, 0x00000000a5c00000|  0%| F|  |TAMS 0x00000000a5b00000| PB 0x00000000a5b00000| Untracked |  0
|  62|0x00000000a5c00000, 0x00000000a5c00000, 0x00000000a5d00000|  0%| F|  |TAMS 0x00000000a5c00000| PB 0x00000000a5c00000| Untracked |  0
|  63|0x00000000a5d00000, 0x00000000a5d00000, 0x00000000a5e00000|  0%| F|  |TAMS 0x00000000a5d00000| PB 0x00000000a5d00000| Untracked |  0
|  64|0x00000000a5e00000, 0x00000000a5f00000, 0x00000000a5f00000|100%| S|CS|TAMS 0x00000000a5e00000| PB 0x00000000a5e00000| Complete |  0
|  65|0x00000000a5f00000, 0x00000000a6000000, 0x00000000a6000000|100%| S|CS|TAMS 0x00000000a5f00000| PB 0x00000000a5f00000| Complete |  0
|  66|0x00000000a6000000, 0x00000000a6100000, 0x00000000a6100000|100%| S|CS|TAMS 0x00000000a6000000| PB 0x00000000a6000000| Complete |  0
|  67|0x00000000a6100000, 0x00000000a6200000, 0x00000000a6200000|100%| S|CS|TAMS 0x00000000a6100000| PB 0x00000000a6100000| Complete |  0
|  68|0x00000000a6200000, 0x00000000a6200000, 0x00000000a6300000|  0%| F|  |TAMS 0x00000000a6200000| PB 0x00000000a6200000| Untracked |  0
|  69|0x00000000a6300000, 0x00000000a6300000, 0x00000000a6400000|  0%| F|  |TAMS 0x00000000a6300000| PB 0x00000000a6300000| Untracked |  0
|  70|0x00000000a6400000, 0x00000000a6400000, 0x00000000a6500000|  0%| F|  |TAMS 0x00000000a6400000| PB 0x00000000a6400000| Untracked |  0
|  71|0x00000000a6500000, 0x00000000a6500000, 0x00000000a6600000|  0%| F|  |TAMS 0x00000000a6500000| PB 0x00000000a6500000| Untracked |  0
|  72|0x00000000a6600000, 0x00000000a6692540, 0x00000000a6700000| 57%| E|  |TAMS 0x00000000a6600000| PB 0x00000000a6600000| Complete |  0
|  73|0x00000000a6700000, 0x00000000a6800000, 0x00000000a6800000|100%| E|CS|TAMS 0x00000000a6700000| PB 0x00000000a6700000| Complete |  1
|  74|0x00000000a6800000, 0x00000000a6900000, 0x00000000a6900000|100%| E|CS|TAMS 0x00000000a6800000| PB 0x00000000a6800000| Complete |  0
|  75|0x00000000a6900000, 0x00000000a6a00000, 0x00000000a6a00000|100%| E|CS|TAMS 0x00000000a6900000| PB 0x00000000a6900000| Complete |  0
|  76|0x00000000a6a00000, 0x00000000a6b00000, 0x00000000a6b00000|100%| E|CS|TAMS 0x00000000a6a00000| PB 0x00000000a6a00000| Complete |  0
|  77|0x00000000a6b00000, 0x00000000a6c00000, 0x00000000a6c00000|100%| E|CS|TAMS 0x00000000a6b00000| PB 0x00000000a6b00000| Complete |  0
|  78|0x00000000a6c00000, 0x00000000a6d00000, 0x00000000a6d00000|100%| E|CS|TAMS 0x00000000a6c00000| PB 0x00000000a6c00000| Complete |  0
|  79|0x00000000a6d00000, 0x00000000a6e00000, 0x00000000a6e00000|100%| E|CS|TAMS 0x00000000a6d00000| PB 0x00000000a6d00000| Complete |  0
|  80|0x00000000a6e00000, 0x00000000a6f00000, 0x00000000a6f00000|100%| E|CS|TAMS 0x00000000a6e00000| PB 0x00000000a6e00000| Complete |  0
|  81|0x00000000a6f00000, 0x00000000a7000000, 0x00000000a7000000|100%| E|CS|TAMS 0x00000000a6f00000| PB 0x00000000a6f00000| Complete |  0
|  82|0x00000000a7000000, 0x00000000a7100000, 0x00000000a7100000|100%| E|CS|TAMS 0x00000000a7000000| PB 0x00000000a7000000| Complete |  0
|  83|0x00000000a7100000, 0x00000000a7200000, 0x00000000a7200000|100%| E|CS|TAMS 0x00000000a7100000| PB 0x00000000a7100000| Complete |  0
|  84|0x00000000a7200000, 0x00000000a7300000, 0x00000000a7300000|100%| E|CS|TAMS 0x00000000a7200000| PB 0x00000000a7200000| Complete |  0
|  85|0x00000000a7300000, 0x00000000a7400000, 0x00000000a7400000|100%| E|CS|TAMS 0x00000000a7300000| PB 0x00000000a7300000| Complete |  0
|  86|0x00000000a7400000, 0x00000000a7500000, 0x00000000a7500000|100%| E|CS|TAMS 0x00000000a7400000| PB 0x00000000a7400000| Complete |  0
|  87|0x00000000a7500000, 0x00000000a7600000, 0x00000000a7600000|100%| E|CS|TAMS 0x00000000a7500000| PB 0x00000000a7500000| Complete |  0
|  88|0x00000000a7600000, 0x00000000a7700000, 0x00000000a7700000|100%| E|CS|TAMS 0x00000000a7600000| PB 0x00000000a7600000| Complete |  0
|  89|0x00000000a7700000, 0x00000000a7800000, 0x00000000a7800000|100%| E|CS|TAMS 0x00000000a7700000| PB 0x00000000a7700000| Complete |  0
|  90|0x00000000a7800000, 0x00000000a7900000, 0x00000000a7900000|100%| E|CS|TAMS 0x00000000a7800000| PB 0x00000000a7800000| Complete |  0
|  91|0x00000000a7900000, 0x00000000a7a00000, 0x00000000a7a00000|100%| E|CS|TAMS 0x00000000a7900000| PB 0x00000000a7900000| Complete |  0
|  92|0x00000000a7a00000, 0x00000000a7b00000, 0x00000000a7b00000|100%| E|CS|TAMS 0x00000000a7a00000| PB 0x00000000a7a00000| Complete |  0
|  93|0x00000000a7b00000, 0x00000000a7c00000, 0x00000000a7c00000|100%| E|CS|TAMS 0x00000000a7b00000| PB 0x00000000a7b00000| Complete |  0
|  94|0x00000000a7c00000, 0x00000000a7d00000, 0x00000000a7d00000|100%| E|CS|TAMS 0x00000000a7c00000| PB 0x00000000a7c00000| Complete |  0
|  95|0x00000000a7d00000, 0x00000000a7e00000, 0x00000000a7e00000|100%| E|CS|TAMS 0x00000000a7d00000| PB 0x00000000a7d00000| Complete |  0
|1504|0x00000000ffe00000, 0x00000000fff00000, 0x00000000fff00000|100%| O|  |TAMS 0x00000000ffe00000| PB 0x00000000ffe00000| Untracked |  0
|1505|0x00000000fff00000, 0x00000000fff1d1c0, 0x0000000100000000| 11%| O|  |TAMS 0x00000000fff00000| PB 0x00000000fff00000| Untracked |  0

Card table byte_map: [0x000001a5d6380000,0x000001a5d6680000] _byte_map_base: 0x000001a5d5e71000

Marking Bits: (CMBitMap*) 0x000001a5ca823a60
 Bits: [0x000001a5d6680000, 0x000001a5d7e08000)

Polling page: 0x000001a5c83f0000

Metaspace:

Usage:
  Non-class:     11.83 MB used.
      Class:      1.50 MB used.
       Both:     13.33 MB used.

Virtual space:
  Non-class space:       64.00 MB reserved,      12.00 MB ( 19%) committed,  1 nodes.
      Class space:        1.00 GB reserved,       1.62 MB ( <1%) committed,  1 nodes.
             Both:        1.06 GB reserved,      13.62 MB (  1%) committed. 

Chunk freelists:
   Non-Class:  3.75 MB
       Class:  14.34 MB
        Both:  18.09 MB

MaxMetaspaceSize: unlimited
CompressedClassSpaceSize: 1.00 GB
Initial GC threshold: 21.00 MB
Current GC threshold: 21.00 MB
CDS: on
 - commit_granule_bytes: 65536.
 - commit_granule_words: 8192.
 - virtual_space_node_default_size: 8388608.
 - enlarge_chunks_in_place: 1.
UseCompressedClassPointers 1, UseCompactObjectHeaders 0
Narrow klass pointer bits 32, Max shift 3
Narrow klass base: 0x000001a580000000, Narrow klass shift: 0
Encoding Range: [0x000001a580000000 - 0x000001a680000000), (4294967296 bytes)
Klass Range:    [0x000001a580000000 - 0x000001a5c1000000), (1090519040 bytes)
Klass ID Range:  [8 - 1090519033) (1090519025)


Internal statistics:

num_allocs_failed_limit: 0.
num_arena_births: 310.
num_arena_deaths: 0.
num_vsnodes_births: 2.
num_vsnodes_deaths: 0.
num_space_committed: 218.
num_space_uncommitted: 0.
num_chunks_returned_to_freelist: 0.
num_chunks_taken_from_freelist: 685.
num_chunk_merges: 0.
num_chunk_splits: 439.
num_chunks_enlarged: 286.
num_inconsistent_stats: 0.

CodeCache: size=49152Kb used=4904Kb max_used=4904Kb free=44247Kb
 bounds [0x000001a5d3080000, 0x000001a5d3550000, 0x000001a5d6080000]
 total_blobs=2777, nmethods=2285, adapters=416, full_count=0
Compilation: enabled, stopped_count=0, restarted_count=0

Compilation events (20 events):
Event: 5.495 Thread 0x000001a5c5083350 2274       1       java.util.Collections$EmptySet::toArray (11 bytes)
Event: 5.495 Thread 0x000001a5c504a7e0 nmethod 2272 0x000001a5d3547008 code [0x000001a5d3547140, 0x000001a5d35472f0]
Event: 5.495 Thread 0x000001a5da19d040 nmethod 2273 0x000001a5d3547388 code [0x000001a5d35474a0, 0x000001a5d3547570]
Event: 5.495 Thread 0x000001a5c5083350 nmethod 2274 0x000001a5d3547688 code [0x000001a5d35477a0, 0x000001a5d35478c0]
Event: 5.496 Thread 0x000001a5c5083350 2275       1       java.lang.reflect.AccessibleObject::isAccessible (5 bytes)
Event: 5.496 Thread 0x000001a5da19d040 2276       1       org.springframework.util.Assert::state (17 bytes)
Event: 5.496 Thread 0x000001a5c5083350 nmethod 2275 0x000001a5d3547988 code [0x000001a5d3547a80, 0x000001a5d3547b48]
Event: 5.496 Thread 0x000001a5da19d040 nmethod 2276 0x000001a5d3547c88 code [0x000001a5d3547dc0, 0x000001a5d3547fa0]
Event: 5.532 Thread 0x000001a5c504a7e0 2277       1       java.util.concurrent.ConcurrentHashMap$KeySpliterator::forEachRemaining (35 bytes)
Event: 5.532 Thread 0x000001a5c504a7e0 nmethod 2277 0x000001a5d3548008 code [0x000001a5d3548140, 0x000001a5d3548328]
Event: 5.548 Thread 0x000001a5c5083350 2278       1       org.springframework.core.annotation.MergedAnnotations$Search::lambda$static$1 (2 bytes)
Event: 5.548 Thread 0x000001a5c5083350 nmethod 2278 0x000001a5d3548388 code [0x000001a5d3548480, 0x000001a5d3548528]
Event: 5.549 Thread 0x000001a5da19d040 2279       1       java.util.jar.JavaUtilJarAccessImpl::getTrustedAttributes (6 bytes)
Event: 5.549 Thread 0x000001a5da19d040 nmethod 2279 0x000001a5d3548688 code [0x000001a5d35487a0, 0x000001a5d3548890]
Event: 5.578 Thread 0x000001a5da19d040 2280       1       java.lang.ClassLoader::getUnnamedModule (5 bytes)
Event: 5.578 Thread 0x000001a5da19d040 nmethod 2280 0x000001a5d3548988 code [0x000001a5d3548a80, 0x000001a5d3548b48]
Event: 5.815 Thread 0x000001a5da19d040 2281       1       ch.qos.logback.classic.util.LoggerNameUtil::getSeparatorIndexOf (53 bytes)
Event: 5.816 Thread 0x000001a5da19d040 nmethod 2281 0x000001a5d3549088 code [0x000001a5d35491c0, 0x000001a5d3549370]
Event: 5.876 Thread 0x000001a5c5083350 2282       1       java.lang.Character::isJavaIdentifierPart (5 bytes)
Event: 5.876 Thread 0x000001a5c5083350 nmethod 2282 0x000001a5d3549788 code [0x000001a5d35498a0, 0x000001a5d35499a0]

GC Heap History (2 events):
Event: 2.792 GC heap before
{Heap before GC invocations=0 (full 0):
 garbage-first heap   total reserved 1542144K, committed 100352K, used 29812K [0x00000000a1e00000, 0x0000000100000000)
  region size 1024K, 28 young (28672K), 0 survivors (0K)
 Metaspace       used 8503K, committed 8704K, reserved 1114112K
  class space    used 866K, committed 960K, reserved 1048576K
}
Event: 2.804 GC heap after
{Heap after GC invocations=1 (full 0):
 garbage-first heap   total reserved 1542144K, committed 100352K, used 5898K [0x00000000a1e00000, 0x0000000100000000)
  region size 1024K, 4 young (4096K), 4 survivors (4096K)
 Metaspace       used 8503K, committed 8704K, reserved 1114112K
  class space    used 866K, committed 960K, reserved 1048576K
}

Dll operation events (10 events):
Event: 0.274 Loaded shared library C:\Program Files\Java\jdk-24\bin\java.dll
Event: 1.655 Loaded shared library C:\Program Files\Java\jdk-24\bin\zip.dll
Event: 1.655 Loaded shared library C:\Program Files\Java\jdk-24\bin\zip.dll
Event: 1.661 Loaded shared library C:\Program Files\Java\jdk-24\bin\jimage.dll
Event: 1.776 Loaded shared library C:\Program Files\Java\jdk-24\bin\net.dll
Event: 1.779 Loaded shared library C:\Program Files\Java\jdk-24\bin\nio.dll
Event: 1.802 Loaded shared library C:\Program Files\Java\jdk-24\bin\instrument.dll
Event: 1.897 Loaded shared library C:\Program Files\Java\jdk-24\bin\extnet.dll
Event: 1.931 Loaded shared library C:\Program Files\Java\jdk-24\bin\management.dll
Event: 1.944 Loaded shared library C:\Program Files\Java\jdk-24\bin\management_ext.dll

Deoptimization events (0 events):
No events

Classes loaded (20 events):
Event: 4.967 Loading class java/util/concurrent/Executors$DefaultThreadFactory
Event: 4.991 Loading class java/util/concurrent/Executors$DefaultThreadFactory done
Event: 5.021 Loading class java/util/Collections$UnmodifiableMap$UnmodifiableEntrySet$UnmodifiableEntrySetSpliterator
Event: 5.021 Loading class java/util/Collections$UnmodifiableMap$UnmodifiableEntrySet$UnmodifiableEntrySetSpliterator done
Event: 5.070 Loading class java/util/Stack
Event: 5.070 Loading class java/util/Stack done
Event: 5.070 Loading class java/util/Vector$Itr
Event: 5.093 Loading class java/util/Vector$Itr done
Event: 5.331 Loading class java/lang/runtime/ObjectMethods
Event: 5.331 Loading class java/lang/runtime/ObjectMethods done
Event: 5.397 Loading class java/beans/Introspector
Event: 5.416 Loading class java/beans/Introspector done
Event: 5.416 Loading class java/beans/EventSetDescriptor
Event: 5.431 Loading class java/beans/FeatureDescriptor
Event: 5.441 Loading class java/beans/FeatureDescriptor done
Event: 5.441 Loading class java/beans/EventSetDescriptor done
Event: 5.441 Loading class java/beans/Introspector$1
Event: 5.456 Loading class jdk/internal/access/JavaBeansAccess
Event: 5.456 Loading class jdk/internal/access/JavaBeansAccess done
Event: 5.456 Loading class java/beans/Introspector$1 done

Classes unloaded (0 events):
No events

Classes redefined (0 events):
No events

Internal exceptions (20 events):
Event: 4.285 Thread 0x000001a5ca7d9920 Exception <a 'java/lang/NoSuchMethodError'{0x00000000a74fd8e0}: 'void java.lang.invoke.DirectMethodHandle$Holder.invokeSpecial(java.lang.Object, java.lang.Object, java.lang.Object, java.lang.Object, java.lang.Object)'> (0x00000000a74fd8e0) 
thrown [s\open\src\hotspot\share\interpreter\linkResolver.cpp, line 805]
Event: 4.345 Thread 0x000001a5ca7d9920 Exception <a 'java/lang/NoSuchMethodError'{0x00000000a7351dd8}: 'java.lang.Object java.lang.invoke.DirectMethodHandle$Holder.newInvokeSpecial(java.lang.Object, java.lang.Object, java.lang.Object, int, java.lang.Object)'> (0x00000000a7351dd8) 
thrown [s\open\src\hotspot\share\interpreter\linkResolver.cpp, line 805]
Event: 4.346 Thread 0x000001a5ca7d9920 Exception <a 'java/lang/NoSuchMethodError'{0x00000000a73624a0}: 'java.lang.Object java.lang.invoke.Invokers$Holder.linkToTargetMethod(java.lang.Object, java.lang.Object, int, java.lang.Object, java.lang.Object)'> (0x00000000a73624a0) 
thrown [s\open\src\hotspot\share\interpreter\linkResolver.cpp, line 805]
Event: 4.348 Thread 0x000001a5ca7d9920 Exception <a 'java/lang/NoSuchMethodError'{0x00000000a73820f8}: 'java.lang.Object java.lang.invoke.DirectMethodHandle$Holder.newInvokeSpecial(java.lang.Object, int, java.lang.Object)'> (0x00000000a73820f8) 
thrown [s\open\src\hotspot\share\interpreter\linkResolver.cpp, line 805]
Event: 4.348 Thread 0x000001a5ca7d9920 Exception <a 'java/lang/NoSuchMethodError'{0x00000000a738a980}: 'int java.lang.invoke.DirectMethodHandle$Holder.invokeSpecialIFC(java.lang.Object, java.lang.Object, java.lang.Object, java.lang.Object)'> (0x00000000a738a980) 
thrown [s\open\src\hotspot\share\interpreter\linkResolver.cpp, line 805]
Event: 4.417 Thread 0x000001a5ca7d9920 Exception <a 'java/lang/NoSuchMethodError'{0x00000000a726a058}: 'void java.lang.invoke.DirectMethodHandle$Holder.invokeInterface(java.lang.Object, java.lang.Object, java.lang.Object)'> (0x00000000a726a058) 
thrown [s\open\src\hotspot\share\interpreter\linkResolver.cpp, line 805]
Event: 4.448 Thread 0x000001a5ca7d9920 Exception <a 'java/lang/NoSuchMethodError'{0x00000000a72e98b8}: 'java.lang.Object java.lang.invoke.DirectMethodHandle$Holder.invokeVirtual(java.lang.Object, java.lang.Object, java.lang.Object)'> (0x00000000a72e98b8) 
thrown [s\open\src\hotspot\share\interpreter\linkResolver.cpp, line 805]
Event: 4.686 Thread 0x000001a5ca7d9920 Exception <a 'java/lang/NoSuchMethodError'{0x00000000a71ba368}: 'void java.lang.invoke.DirectMethodHandle$Holder.invokeStatic(java.lang.Object, java.lang.Object, int)'> (0x00000000a71ba368) 
thrown [s\open\src\hotspot\share\interpreter\linkResolver.cpp, line 805]
Event: 4.740 Thread 0x000001a5ca7d9920 Exception <a 'java/lang/NoSuchMethodError'{0x00000000a71d8df8}: 'void java.lang.invoke.DirectMethodHandle$Holder.invokeStaticInit(java.lang.Object, java.lang.Object, java.lang.Object)'> (0x00000000a71d8df8) 
thrown [s\open\src\hotspot\share\interpreter\linkResolver.cpp, line 805]
Event: 5.005 Thread 0x000001a5ca7d9920 Exception <a 'java/lang/NoSuchMethodError'{0x00000000a70a43b0}: 'void java.lang.invoke.DirectMethodHandle$Holder.invokeVirtual(java.lang.Object, java.lang.Object, java.lang.Object, java.lang.Object)'> (0x00000000a70a43b0) 
thrown [s\open\src\hotspot\share\interpreter\linkResolver.cpp, line 805]
Event: 5.331 Thread 0x000001a5ca7d9920 Exception <a 'java/lang/NoSuchMethodError'{0x00000000a6c94800}: 'java.lang.Object java.lang.invoke.DirectMethodHandle$Holder.invokeStaticInit(java.lang.Object, java.lang.Object, java.lang.Object, java.lang.Object, java.lang.Object, java.lang.Object, java.lang.Object)'> (0x00000000a6c94800) 
thrown [s\open\src\hotspot\share\interpreter\linkResolver.cpp, line 805]
Event: 5.334 Thread 0x000001a5ca7d9920 Exception <a 'java/lang/NoSuchMethodError'{0x00000000a6caf800}: 'int java.lang.invoke.DirectMethodHandle$Holder.invokeStaticInit(java.lang.Object, int, int)'> (0x00000000a6caf800) 
thrown [s\open\src\hotspot\share\interpreter\linkResolver.cpp, line 805]
Event: 5.335 Thread 0x000001a5ca7d9920 Exception <a 'java/lang/NoSuchMethodError'{0x00000000a6cbfe10}: 'int java.lang.invoke.DirectMethodHandle$Holder.invokeStaticInit(java.lang.Object, long, long)'> (0x00000000a6cbfe10) 
thrown [s\open\src\hotspot\share\interpreter\linkResolver.cpp, line 805]
Event: 5.335 Thread 0x000001a5ca7d9920 Exception <a 'java/lang/NoSuchMethodError'{0x00000000a6ccfe08}: 'int java.lang.invoke.DirectMethodHandle$Holder.invokeStaticInit(java.lang.Object, float, float)'> (0x00000000a6ccfe08) 
thrown [s\open\src\hotspot\share\interpreter\linkResolver.cpp, line 805]
Event: 5.336 Thread 0x000001a5ca7d9920 Exception <a 'java/lang/NoSuchMethodError'{0x00000000a6b00f80}: 'int java.lang.invoke.DirectMethodHandle$Holder.invokeStaticInit(java.lang.Object, double, double)'> (0x00000000a6b00f80) 
thrown [s\open\src\hotspot\share\interpreter\linkResolver.cpp, line 805]
Event: 5.336 Thread 0x000001a5ca7d9920 Exception <a 'java/lang/NoSuchMethodError'{0x00000000a6b09b28}: 'int java.lang.invoke.DirectMethodHandle$Holder.invokeStatic(java.lang.Object, long)'> (0x00000000a6b09b28) 
thrown [s\open\src\hotspot\share\interpreter\linkResolver.cpp, line 805]
Event: 5.337 Thread 0x000001a5ca7d9920 Exception <a 'java/lang/NoSuchMethodError'{0x00000000a6b22498}: 'java.lang.Object java.lang.invoke.DirectMethodHandle$Holder.invokeStatic(java.lang.Object, long)'> (0x00000000a6b22498) 
thrown [s\open\src\hotspot\share\interpreter\linkResolver.cpp, line 805]
Event: 5.338 Thread 0x000001a5ca7d9920 Exception <a 'java/lang/NoSuchMethodError'{0x00000000a6b2aa70}: 'java.lang.Object java.lang.invoke.DirectMethodHandle$Holder.invokeStatic(java.lang.Object, float)'> (0x00000000a6b2aa70) 
thrown [s\open\src\hotspot\share\interpreter\linkResolver.cpp, line 805]
Event: 5.340 Thread 0x000001a5ca7d9920 Exception <a 'java/lang/NoSuchMethodError'{0x00000000a6b6b140}: 'int java.lang.invoke.Invokers$Holder.linkToTargetMethod(java.lang.Object, java.lang.Object)'> (0x00000000a6b6b140) 
thrown [s\open\src\hotspot\share\interpreter\linkResolver.cpp, line 805]
Event: 5.496 Thread 0x000001a5ca7d9920 Exception <a 'java/lang/IncompatibleClassChangeError'{0x00000000a6aceaa0}: Found class java.lang.Object, but interface was expected> (0x00000000a6aceaa0) 
thrown [s\open\src\hotspot\share\interpreter\linkResolver.cpp, line 872]

VM Operations (20 events):
Event: 1.780 Executing VM operation: HandshakeAllThreads (Deoptimize)
Event: 1.780 Executing VM operation: HandshakeAllThreads (Deoptimize) done
Event: 2.212 Executing VM operation: HandshakeAllThreads (Deoptimize)
Event: 2.212 Executing VM operation: HandshakeAllThreads (Deoptimize) done
Event: 2.309 Executing VM operation: HandshakeAllThreads (Deoptimize)
Event: 2.309 Executing VM operation: HandshakeAllThreads (Deoptimize) done
Event: 2.411 Executing VM operation: HandshakeAllThreads (Deoptimize)
Event: 2.411 Executing VM operation: HandshakeAllThreads (Deoptimize) done
Event: 2.444 Executing VM operation: HandshakeAllThreads (Deoptimize)
Event: 2.444 Executing VM operation: HandshakeAllThreads (Deoptimize) done
Event: 2.514 Executing VM operation: HandshakeAllThreads (Deoptimize)
Event: 2.514 Executing VM operation: HandshakeAllThreads (Deoptimize) done
Event: 2.550 Executing VM operation: HandshakeAllThreads (Deoptimize)
Event: 2.550 Executing VM operation: HandshakeAllThreads (Deoptimize) done
Event: 2.792 Executing VM operation: G1CollectForAllocation (G1 Evacuation Pause)
Event: 2.804 Executing VM operation: G1CollectForAllocation (G1 Evacuation Pause) done
Event: 5.265 Executing VM operation: HandshakeAllThreads (Deoptimize)
Event: 5.265 Executing VM operation: HandshakeAllThreads (Deoptimize) done
Event: 5.268 Executing VM operation: HandshakeAllThreads (Deoptimize)
Event: 5.268 Executing VM operation: HandshakeAllThreads (Deoptimize) done

Memory protections (0 events):
No events

Nmethod flushes (0 events):
No events

Events (18 events):
Event: 1.485 Thread 0x000001a5ca7d9920 Thread added: 0x000001a5ca7d9920
Event: 1.498 Thread 0x000001a5ca7d9920 Thread added: 0x000001a5da181cc0
Event: 1.498 Thread 0x000001a5ca7d9920 Thread added: 0x000001a5da182cb0
Event: 1.499 Thread 0x000001a5ca7d9920 Thread added: 0x000001a5da185e30
Event: 1.499 Thread 0x000001a5ca7d9920 Thread added: 0x000001a5da18b980
Event: 1.499 Thread 0x000001a5ca7d9920 Thread added: 0x000001a5da18e4c0
Event: 1.499 Thread 0x000001a5ca7d9920 Thread added: 0x000001a5da18eff0
Event: 1.499 Thread 0x000001a5ca7d9920 Thread added: 0x000001a5da19d040
Event: 1.574 Thread 0x000001a5da19d040 Thread added: 0x000001a5c504a7e0
Event: 1.607 Thread 0x000001a5da18b980 Thread added: 0x000001a5c50808c0
Event: 1.613 Thread 0x000001a5da19d040 Thread added: 0x000001a5c5083350
Event: 1.875 Thread 0x000001a5ca7d9920 Thread added: 0x000001a5c517ba10
Event: 1.875 Thread 0x000001a5ca7d9920 Thread added: 0x000001a5c517c150
Event: 2.317 Thread 0x000001a5ca7d9920 Thread added: 0x000001a5c5a223d0
Event: 2.367 Thread 0x000001a5c5a223d0 Thread added: 0x000001a5c5a51da0
Event: 2.416 Thread 0x000001a5c5a51da0 Thread added: 0x000001a5c5a79cc0
Event: 2.441 Thread 0x000001a5c5a51da0 Thread added: 0x000001a5c5a831f0
Event: 5.328 Thread 0x000001a5ca7d9920 Thread added: 0x000001a5c60e7310


Dynamic libraries:
0x00007ff7e25a0000 - 0x00007ff7e25b0000 	C:\Program Files\Java\jdk-24\bin\java.exe
0x00007ffd462d0000 - 0x00007ffd464c8000 	C:\WINDOWS\SYSTEM32\ntdll.dll
0x00007ffd45330000 - 0x00007ffd453f2000 	C:\WINDOWS\System32\KERNEL32.DLL
0x00007ffd43dd0000 - 0x00007ffd440c7000 	C:\WINDOWS\System32\KERNELBASE.dll
0x00007ffd43980000 - 0x00007ffd43a80000 	C:\WINDOWS\System32\ucrtbase.dll
0x00007ffd40ef0000 - 0x00007ffd40f06000 	C:\Program Files\Java\jdk-24\bin\jli.dll
0x00007ffd3cf00000 - 0x00007ffd3cf1b000 	C:\Program Files\Java\jdk-24\bin\VCRUNTIME140.dll
0x00007ffd45050000 - 0x00007ffd451f1000 	C:\WINDOWS\System32\USER32.dll
0x00007ffd43a80000 - 0x00007ffd43aa2000 	C:\WINDOWS\System32\win32u.dll
0x00007ffd38a40000 - 0x00007ffd38cdb000 	C:\WINDOWS\WinSxS\amd64_microsoft.windows.common-controls_6595b64144ccf1df_6.0.19041.6456_none_60b8a6cb71f64256\COMCTL32.dll
0x00007ffd45020000 - 0x00007ffd4504b000 	C:\WINDOWS\System32\GDI32.dll
0x00007ffd45520000 - 0x00007ffd455be000 	C:\WINDOWS\System32\msvcrt.dll
0x00007ffd43cb0000 - 0x00007ffd43dc9000 	C:\WINDOWS\System32\gdi32full.dll
0x00007ffd43c10000 - 0x00007ffd43cad000 	C:\WINDOWS\System32\msvcp_win.dll
0x00007ffd46200000 - 0x00007ffd4622f000 	C:\WINDOWS\System32\IMM32.DLL
0x00007ffd40ee0000 - 0x00007ffd40eec000 	C:\Program Files\Java\jdk-24\bin\vcruntime140_1.dll
0x00007ffd2ec60000 - 0x00007ffd2ecee000 	C:\Program Files\Java\jdk-24\bin\msvcp140.dll
0x00007ffd08140000 - 0x00007ffd08ee2000 	C:\Program Files\Java\jdk-24\bin\server\jvm.dll
0x00007ffd45270000 - 0x00007ffd45321000 	C:\WINDOWS\System32\ADVAPI32.dll
0x00007ffd45400000 - 0x00007ffd4549f000 	C:\WINDOWS\System32\sechost.dll
0x00007ffd44580000 - 0x00007ffd446a0000 	C:\WINDOWS\System32\RPCRT4.dll
0x00007ffd43950000 - 0x00007ffd43977000 	C:\WINDOWS\System32\bcrypt.dll
0x00007ffd45200000 - 0x00007ffd4526b000 	C:\WINDOWS\System32\WS2_32.dll
0x00007ffd43280000 - 0x00007ffd432cb000 	C:\WINDOWS\SYSTEM32\POWRPROF.dll
0x00007ffd2da50000 - 0x00007ffd2da77000 	C:\WINDOWS\SYSTEM32\WINMM.dll
0x00007ffd39290000 - 0x00007ffd3929a000 	C:\WINDOWS\SYSTEM32\VERSION.dll
0x00007ffd43140000 - 0x00007ffd43152000 	C:\WINDOWS\SYSTEM32\UMPDC.dll
0x00007ffd416e0000 - 0x00007ffd416f2000 	C:\WINDOWS\SYSTEM32\kernel.appcore.dll
0x00007ffd40ec0000 - 0x00007ffd40eca000 	C:\Program Files\Java\jdk-24\bin\jimage.dll
0x00007ffd39b50000 - 0x00007ffd39d51000 	C:\WINDOWS\SYSTEM32\DBGHELP.DLL
0x00007ffd2d7a0000 - 0x00007ffd2d7d4000 	C:\WINDOWS\SYSTEM32\dbgcore.DLL
0x00007ffd43b30000 - 0x00007ffd43bb2000 	C:\WINDOWS\System32\bcryptPrimitives.dll
0x00007ffd40e90000 - 0x00007ffd40e9f000 	C:\Program Files\Java\jdk-24\bin\instrument.dll
0x00007ffd3cee0000 - 0x00007ffd3cefe000 	C:\Program Files\Java\jdk-24\bin\java.dll
0x00007ffd44a60000 - 0x00007ffd44b8b000 	C:\WINDOWS\System32\ole32.dll
0x00007ffd44700000 - 0x00007ffd44a53000 	C:\WINDOWS\System32\combase.dll
0x00007ffd458e0000 - 0x00007ffd46051000 	C:\WINDOWS\System32\SHELL32.dll
0x00007ffd419c0000 - 0x00007ffd42166000 	C:\WINDOWS\SYSTEM32\windows.storage.dll
0x00007ffd43380000 - 0x00007ffd433ab000 	C:\WINDOWS\SYSTEM32\Wldp.dll
0x00007ffd444b0000 - 0x00007ffd4457d000 	C:\WINDOWS\System32\OLEAUT32.dll
0x00007ffd44400000 - 0x00007ffd444ad000 	C:\WINDOWS\System32\SHCORE.dll
0x00007ffd45620000 - 0x00007ffd4567b000 	C:\WINDOWS\System32\shlwapi.dll
0x00007ffd43880000 - 0x00007ffd438a4000 	C:\WINDOWS\SYSTEM32\profapi.dll
0x00007ffd36d80000 - 0x00007ffd36d97000 	C:\Program Files\Java\jdk-24\bin\zip.dll
0x00007ffd3cea0000 - 0x00007ffd3ceb0000 	C:\Program Files\Java\jdk-24\bin\net.dll
0x00007ffd43070000 - 0x00007ffd430da000 	C:\WINDOWS\system32\mswsock.dll
0x00007ffd36c30000 - 0x00007ffd36c46000 	C:\Program Files\Java\jdk-24\bin\nio.dll
0x00007ffd3ce60000 - 0x00007ffd3ce69000 	C:\Program Files\Java\jdk-24\bin\extnet.dll
0x00007ffd42d20000 - 0x00007ffd42dea000 	C:\WINDOWS\SYSTEM32\DNSAPI.dll
0x00007ffd42ce0000 - 0x00007ffd42d1b000 	C:\WINDOWS\SYSTEM32\IPHLPAPI.DLL
0x00007ffd44b90000 - 0x00007ffd44b98000 	C:\WINDOWS\System32\NSI.dll
0x00007ffd3ca00000 - 0x00007ffd3ca0a000 	C:\Windows\System32\rasadhlp.dll
0x00007ffd3d100000 - 0x00007ffd3d180000 	C:\WINDOWS\System32\fwpuclnt.dll
0x00007ffd3ce50000 - 0x00007ffd3ce5a000 	C:\Program Files\Java\jdk-24\bin\management.dll
0x00007ffd3ce40000 - 0x00007ffd3ce4b000 	C:\Program Files\Java\jdk-24\bin\management_ext.dll
0x00007ffd46160000 - 0x00007ffd46168000 	C:\WINDOWS\System32\PSAPI.DLL
0x00007ffd432d0000 - 0x00007ffd432e8000 	C:\WINDOWS\SYSTEM32\CRYPTSP.dll
0x00007ffd42920000 - 0x00007ffd42958000 	C:\WINDOWS\system32\rsaenh.dll
0x00007ffd43840000 - 0x00007ffd4386e000 	C:\WINDOWS\SYSTEM32\USERENV.dll
0x00007ffd432f0000 - 0x00007ffd432fc000 	C:\WINDOWS\SYSTEM32\CRYPTBASE.dll
0x00007ffd1c210000 - 0x00007ffd1c227000 	C:\WINDOWS\system32\napinsp.dll
0x00007ffd1bd80000 - 0x00007ffd1bd9b000 	C:\WINDOWS\system32\pnrpnsp.dll
0x00007ffd260a0000 - 0x00007ffd260bd000 	C:\WINDOWS\system32\wshbth.dll
0x00007ffd40a80000 - 0x00007ffd40a9d000 	C:\WINDOWS\system32\NLAapi.dll
0x00007ffd19910000 - 0x00007ffd19922000 	C:\WINDOWS\System32\winrnr.dll

JVMTI agents:
C:\Program Files\JetBrains\IntelliJ IDEA 2025.1.3\lib\idea_rt.jar path:C:\Program Files\Java\jdk-24\bin\instrument.dll, loaded, initialized, instrumentlib options:55634

dbghelp: loaded successfully - version: 4.0.5 - missing functions: none
symbol engine: initialized successfully - sym options: 0x614 - pdb path: .;C:\Program Files\Java\jdk-24\bin;C:\WINDOWS\SYSTEM32;C:\WINDOWS\WinSxS\amd64_microsoft.windows.common-controls_6595b64144ccf1df_6.0.19041.6456_none_60b8a6cb71f64256;C:\Program Files\Java\jdk-24\bin\server

VM Arguments:
jvm_args: -XX:TieredStopAtLevel=1 -Dspring.output.ansi.enabled=always -Dcom.sun.management.jmxremote -Dspring.jmx.enabled=true -Dspring.liveBeansView.mbeanDomain -Dspring.application.admin.enabled=true -Dmanagement.endpoints.jmx.exposure.include=* -javaagent:C:\Program Files\JetBrains\IntelliJ IDEA 2025.1.3\lib\idea_rt.jar=55634 -Dfile.encoding=UTF-8 -Dsun.stdout.encoding=UTF-8 -Dsun.stderr.encoding=UTF-8 
java_command: com.example.demo.Application
java_class_path (initial): C:\Users\Sarobidy\IdeaProjects\demo\demo\target\classes;C:\Users\Sarobidy\.m2\repository\org\springframework\boot\spring-boot-starter-webmvc\4.0.3\spring-boot-starter-webmvc-4.0.3.jar;C:\Users\Sarobidy\.m2\repository\org\springframework\boot\spring-boot-starter\4.0.3\spring-boot-starter-4.0.3.jar;C:\Users\Sarobidy\.m2\repository\org\springframework\boot\spring-boot-starter-logging\4.0.3\spring-boot-starter-logging-4.0.3.jar;C:\Users\Sarobidy\.m2\repository\ch\qos\logback\logback-classic\1.5.32\logback-classic-1.5.32.jar;C:\Users\Sarobidy\.m2\repository\ch\qos\logback\logback-core\1.5.32\logback-core-1.5.32.jar;C:\Users\Sarobidy\.m2\repository\org\apache\logging\log4j\log4j-to-slf4j\2.25.3\log4j-to-slf4j-2.25.3.jar;C:\Users\Sarobidy\.m2\repository\org\apache\logging\log4j\log4j-api\2.25.3\log4j-api-2.25.3.jar;C:\Users\Sarobidy\.m2\repository\org\slf4j\jul-to-slf4j\2.0.17\jul-to-slf4j-2.0.17.jar;C:\Users\Sarobidy\.m2\repository\org\springframework\boot\spring-boot-autoconfigure\4.0.3\spring-boot-autoconfigure-4.0.3.jar;C:\Users\Sarobidy\.m2\repository\jakarta\annotation\jakarta.annotation-api\3.0.0\jakarta.annotation-api-3.0.0.jar;C:\Users\Sarobidy\.m2\repository\org\yaml\snakeyaml\2.5\snakeyaml-2.5.jar;C:\Users\Sarobidy\.m2\repository\org\springframework\boot\spring-boot-starter-jackson\4.0.3\spring-boot-starter-jackson-4.0.3.jar;C:\Users\Sarobidy\.m2\repository\org\springframework\boot\spring-boot-jackson\4.0.3\spring-boot-jackson-4.0.3.jar;C:\Users\Sarobidy\.m2\repository\tools\jackson\core\jackson-databind\3.0.4\jackson-databind-3.0.4.jar;C:\Users\Sarobidy\.m2\repository\com\fasterxml\jackson\core\jackson-annotations\2.20\jackson-annotations-2.20.jar;C:\Users\Sarobidy\.m2\repository\tools\jackson\core\jackson-core\3.0.4\jackson-core-3.0.4.jar;C:\Users\Sarobidy\.m2\repository\org\springframework\boot\spring-boot-starter-tomcat\4.0.3\spring-boot-starter-tomcat-4.0.3.jar;C:\Users\Sarobidy\.m2\repository\org\springframework\boot\spring-boot-starter-tomcat-runtime\4.0.3\spring-boot-starter-tomcat-runtime-4.0.3.jar;C:\Users\Sarobidy\.m2\repository\org\apache\tomcat\embed\tomcat-embed-core\11.0.18\tomcat-embed-core-11.0.18.jar;C:\Users\Sarobidy\.m2\repository\org\apache\tomcat\embed\tomcat-embed-el\11.0.18\tomcat-embed-el-11.0.18.jar;C:\Users\Sarobidy\.m2\repository\org\apache\tomcat\embed\tomcat-embed-websocket\11.0.18\tomcat-embed-websocket-11.0.18.jar;C:\Users\Sarobidy\.m2\repository\org\springframework\boot\spring-boot-tomcat\4.0.3\spring-boot-tomcat-4.0.3.jar;C:\Users\Sarobidy\.m2\repository\org\springframework\boot\spring-boot-http-converter\4.0.3\spring-boot-http-converter-4.0.3.jar;C:\Users\Sarobidy\.m2\repository\org\springframework\boot\spring-boot\4.0.3\spring-boot-4.0.3.jar;C:\Users\Sarobidy\.m2\repository\org\springframework\spring-context\7.0.5\spring-context-7.0.5.jar;C:\Users\Sarobidy\.m2\repository\org\springframework\spring-web\7.0.5\spring-web-7.0.5.jar;C:\Users\Sarobidy\.m2\repository\org\springframework\spring-beans\7.0.5\spring-beans-7.0.5.jar;C:\Users\Sarobidy\.m2\repository\io\micrometer\micrometer-observation\1.16.3\micrometer-observation-1.16.3.jar;C:\Users\Sarobidy\.m2\repository\io\micrometer\micrometer-commons\1.16.3\micrometer-commons-1.16.3.jar;C:\Users\Sarobidy\.m2\repository\org\springframework\boot\spring-boot-webmvc\4.0.3\spring-boot-webmvc-4.0.3.jar;C:\Users\Sarobidy\.m2\repository\org\springframework\boot\spring-boot-servlet\4.0.3\spring-boot-servlet-4.0.3.jar;C:\Users\Sarobidy\.m2\repository\org\springframework\spring-webmvc\7.0.5\spring-webmvc-7.0.5.jar;C:\Users\Sarobidy\.m2\repository\org\springframework\spring-aop\7.0.5\spring-aop-7.0.5.jar;C:\Users\Sarobidy\.m2\repository\org\springframework\spring-expression\7.0.5\spring-expression-7.0.5.jar;C:\Users\Sarobidy\.m2\repository\org\slf4j\slf4j-api\2.0.17\slf4j-api-2.0.17.jar;C:\Users\Sarobidy\.m2\repository\org\springframework\spring-core\7.0.5\spring-core-7.0.5.jar;C:\Users\Sarobidy\.m2\repository\commons-logging\commons-logging\1.3.5\commons-logging-1.3.5.jar;C:\Users\Sarobidy\.m2\repository\org\jspecify\jspecify\1.0.0\jspecify-1.0.0.jar;C:\Users\Sarobidy\.m2\repository\org\springframework\boot\spring-boot-web-server\4.0.3\spring-boot-web-server-4.0.3.jar
Launcher Type: SUN_STANDARD

[Global flags]
     intx CICompilerCount                          = 3                                         {product} {ergonomic}
     uint ConcGCThreads                            = 1                                         {product} {ergonomic}
     uint G1ConcRefinementThreads                  = 4                                         {product} {ergonomic}
   size_t G1HeapRegionSize                         = 1048576                                   {product} {ergonomic}
   size_t InitialHeapSize                          = 100663296                                 {product} {ergonomic}
     bool ManagementServer                         = true                                      {product} {command line}
   size_t MarkStackSize                            = 4194304                                   {product} {ergonomic}
   size_t MarkStackSizeMax                         = 536870912                                 {product} {ergonomic}
   size_t MaxHeapSize                              = 1579155456                                {product} {ergonomic}
   size_t MaxNewSize                               = 946864128                                 {product} {ergonomic}
   size_t MinHeapDeltaBytes                        = 1048576                                   {product} {ergonomic}
   size_t MinHeapSize                              = 8388608                                   {product} {ergonomic}
    uintx NonNMethodCodeHeapSize                   = 4096                                   {pd product} {ergonomic}
    uintx NonProfiledCodeHeapSize                  = 0                                      {pd product} {ergonomic}
     bool ProfileInterpreter                       = false                                  {pd product} {command line}
    uintx ProfiledCodeHeapSize                     = 0                                      {pd product} {ergonomic}
   size_t SoftMaxHeapSize                          = 1579155456                             {manageable} {ergonomic}
     intx TieredStopAtLevel                        = 1                                         {product} {command line}
     bool UseCompressedOops                        = true                           {product lp64_product} {ergonomic}
     bool UseG1GC                                  = true                                      {product} {ergonomic}
     bool UseLargePagesIndividualAllocation        = false                                  {pd product} {ergonomic}

Logging:
Log output configuration:
 #0: stdout all=warning uptime,level,tags foldmultilines=false
 #1: stderr all=off uptime,level,tags foldmultilines=false

Environment Variables:
JAVA_HOME=C:\Program Files\Java\jdk-21.0.10
PATH=C:\Program Files (x86)\VMware\VMware Workstation\bin\;C:\WINDOWS\system32;C:\WINDOWS;C:\WINDOWS\System32\Wbem;C:\WINDOWS\System32\WindowsPowerShell\v1.0\;C:\WINDOWS\System32\OpenSSH\;C:\Program Files\Git\cmd;C:\Program Files\nodejs\;C:\php;C:\ProgramData\ComposerSetup\bin;C:\Program Files\Java\jdk-21.0.10\bin;C:\Program Files\Apache\Maven\apache-maven-3.9.13-bin\apache-maven-3.9.13\bin;C:\Program Files\Apache\Maven\apache-maven-3.9.13-bin\apache-maven-3.9.13\bin
USERNAME=Sarobidy
OS=Windows_NT
PROCESSOR_IDENTIFIER=Intel64 Family 6 Model 58 Stepping 9, GenuineIntel
TMP=C:\Users\Sarobidy\AppData\Local\Temp
TEMP=C:\Users\Sarobidy\AppData\Local\Temp




Periodic native trim disabled

---------------  S Y S T E M  ---------------

OS:
 Windows 10 , 64 bit Build 19041 (10.0.19041.6807)
OS uptime: 3 days 1:34 hours

CPU: total 4 (initial active 4) (2 cores per cpu, 2 threads per core) family 6 model 58 stepping 9 microcode 0x21, cx8, cmov, fxsr, ht, mmx, sse, sse2, sse3, ssse3, sse4.1, sse4.2, popcnt, tsc, tscinvbit, avx, aes, erms, clmul, vzeroupper, clflush, rdtscp, f16c
Processor Information for the first 4 processors :
  Max Mhz: 2601, Current Mhz: 2601, Mhz Limit: 2601

Memory: 4k page, system-wide physical 6017M (436M free)
TotalPageFile size 8017M (AvailPageFile size 0M)
current process WorkingSet (physical memory assigned to process): 101M, peak: 101M
current process commit charge ("private bytes"): 196M, peak: 198M

vm_info: Java HotSpot(TM) 64-Bit Server VM (24.0.1+9-30) for windows-amd64 JRE (24.0.1+9-30), built on 2025-03-05T07:23:45Z with MS VC++ 17.6 (VS2022)

END.
